Archive member included to satisfy reference by file (symbol)

/usr/lib/gcc/arm-none-eabi/4.9.3/libgcc.a(_udivsi3.o)
                              /home/ljosalfur/Desktop/rpi/RaspberryPi-FreeRTOS-master/build/Demo/Drivers/lan9514/lib/dwhcixferstagedata.o (__aeabi_uidiv)
/usr/lib/gcc/arm-none-eabi/4.9.3/libgcc.a(_dvmd_tls.o)
                              /usr/lib/gcc/arm-none-eabi/4.9.3/libgcc.a(_udivsi3.o) (__aeabi_idiv0)

Allocating common symbols
Common symbol       size              file

SCREEN_WIDTH        0x4               /home/ljosalfur/Desktop/rpi/RaspberryPi-FreeRTOS-master/build/Demo/Drivers/video.o
i                   0x4               /home/ljosalfur/Desktop/rpi/RaspberryPi-FreeRTOS-master/build/Demo/Drivers/video.o
SCREEN_HEIGHT       0x4               /home/ljosalfur/Desktop/rpi/RaspberryPi-FreeRTOS-master/build/Demo/Drivers/video.o
framebuffer         0x4               /home/ljosalfur/Desktop/rpi/RaspberryPi-FreeRTOS-master/build/Demo/Drivers/video.o
mailbuffer          0x58              /home/ljosalfur/Desktop/rpi/RaspberryPi-FreeRTOS-master/build/Demo/Drivers/video.o

Memory Configuration

Name             Origin             Length             Attributes
RESERVED         0x0000000000000000 0x0000000000008000 r
INIT_RAM         0x0000000000008000 0x0000000000008000 xrw
RAM              0x0000000000010000 0x0000000008000000 xrw
*default*        0x0000000000000000 0xffffffffffffffff

Linker script and memory map

LOAD /home/ljosalfur/Desktop/rpi/RaspberryPi-FreeRTOS-master/build/FreeRTOS/Source/portable/GCC/RaspberryPi/port.o
LOAD /home/ljosalfur/Desktop/rpi/RaspberryPi-FreeRTOS-master/build/FreeRTOS/Source/portable/GCC/RaspberryPi/portisr.o
LOAD /home/ljosalfur/Desktop/rpi/RaspberryPi-FreeRTOS-master/build/FreeRTOS/Source/croutine.o
LOAD /home/ljosalfur/Desktop/rpi/RaspberryPi-FreeRTOS-master/build/FreeRTOS/Source/list.o
LOAD /home/ljosalfur/Desktop/rpi/RaspberryPi-FreeRTOS-master/build/FreeRTOS/Source/queue.o
LOAD /home/ljosalfur/Desktop/rpi/RaspberryPi-FreeRTOS-master/build/FreeRTOS/Source/tasks.o
LOAD /home/ljosalfur/Desktop/rpi/RaspberryPi-FreeRTOS-master/build/Demo/Drivers/interrupts.o
LOAD /home/ljosalfur/Desktop/rpi/RaspberryPi-FreeRTOS-master/build/Demo/Drivers/gpio.o
LOAD /home/ljosalfur/Desktop/rpi/RaspberryPi-FreeRTOS-master/build//FreeRTOS/Source/portable/MemMang/heap_4.o
LOAD /home/ljosalfur/Desktop/rpi/RaspberryPi-FreeRTOS-master/build/Demo/startup.o
LOAD /home/ljosalfur/Desktop/rpi/RaspberryPi-FreeRTOS-master/build/Demo/main.o
LOAD /home/ljosalfur/Desktop/rpi/RaspberryPi-FreeRTOS-master/build/Demo/Drivers/mailbox.o
LOAD /home/ljosalfur/Desktop/rpi/RaspberryPi-FreeRTOS-master/build/Demo/trace.o
LOAD /home/ljosalfur/Desktop/rpi/RaspberryPi-FreeRTOS-master/build/Demo/Drivers/video.o
LOAD /home/ljosalfur/Desktop/rpi/RaspberryPi-FreeRTOS-master/build/Demo/Drivers/lan9514/uspibind.o
LOAD /home/ljosalfur/Desktop/rpi/RaspberryPi-FreeRTOS-master/build/Demo/Drivers/lan9514/arp.o
LOAD /home/ljosalfur/Desktop/rpi/RaspberryPi-FreeRTOS-master/build/Demo/Drivers/lan9514/lib/uspilibrary.o
LOAD /home/ljosalfur/Desktop/rpi/RaspberryPi-FreeRTOS-master/build/Demo/Drivers/lan9514/lib/dwhcidevice.o
LOAD /home/ljosalfur/Desktop/rpi/RaspberryPi-FreeRTOS-master/build/Demo/Drivers/lan9514/lib/dwhciregister.o
LOAD /home/ljosalfur/Desktop/rpi/RaspberryPi-FreeRTOS-master/build/Demo/Drivers/lan9514/lib/dwhcixferstagedata.o
LOAD /home/ljosalfur/Desktop/rpi/RaspberryPi-FreeRTOS-master/build/Demo/Drivers/lan9514/lib/usbconfigparser.o
LOAD /home/ljosalfur/Desktop/rpi/RaspberryPi-FreeRTOS-master/build/Demo/Drivers/lan9514/lib/usbdevice.o
LOAD /home/ljosalfur/Desktop/rpi/RaspberryPi-FreeRTOS-master/build/Demo/Drivers/lan9514/lib/usbdevicefactory.o
LOAD /home/ljosalfur/Desktop/rpi/RaspberryPi-FreeRTOS-master/build/Demo/Drivers/lan9514/lib/usbendpoint.o
LOAD /home/ljosalfur/Desktop/rpi/RaspberryPi-FreeRTOS-master/build/Demo/Drivers/lan9514/lib/usbrequest.o
LOAD /home/ljosalfur/Desktop/rpi/RaspberryPi-FreeRTOS-master/build/Demo/Drivers/lan9514/lib/usbstandardhub.o
LOAD /home/ljosalfur/Desktop/rpi/RaspberryPi-FreeRTOS-master/build/Demo/Drivers/lan9514/lib/devicenameservice.o
LOAD /home/ljosalfur/Desktop/rpi/RaspberryPi-FreeRTOS-master/build/Demo/Drivers/lan9514/lib/macaddress.o
LOAD /home/ljosalfur/Desktop/rpi/RaspberryPi-FreeRTOS-master/build/Demo/Drivers/lan9514/lib/smsc951x.o
LOAD /home/ljosalfur/Desktop/rpi/RaspberryPi-FreeRTOS-master/build/Demo/Drivers/lan9514/lib/string.o
LOAD /home/ljosalfur/Desktop/rpi/RaspberryPi-FreeRTOS-master/build/Demo/Drivers/lan9514/lib/util.o
LOAD /home/ljosalfur/Desktop/rpi/RaspberryPi-FreeRTOS-master/build/Demo/Drivers/lan9514/lib/usbmassdevice.o
LOAD /home/ljosalfur/Desktop/rpi/RaspberryPi-FreeRTOS-master/build/Demo/Drivers/lan9514/lib/dwhciframeschednper.o
LOAD /home/ljosalfur/Desktop/rpi/RaspberryPi-FreeRTOS-master/build/Demo/Drivers/lan9514/lib/dwhciframeschedper.o
LOAD /home/ljosalfur/Desktop/rpi/RaspberryPi-FreeRTOS-master/build/Demo/Drivers/lan9514/lib/keymap.o
LOAD /home/ljosalfur/Desktop/rpi/RaspberryPi-FreeRTOS-master/build/Demo/Drivers/lan9514/lib/usbkeyboard.o
LOAD /home/ljosalfur/Desktop/rpi/RaspberryPi-FreeRTOS-master/build/Demo/Drivers/lan9514/lib/dwhcirootport.o
LOAD /home/ljosalfur/Desktop/rpi/RaspberryPi-FreeRTOS-master/build/Demo/Drivers/lan9514/lib/usbmouse.o
LOAD /home/ljosalfur/Desktop/rpi/RaspberryPi-FreeRTOS-master/build/Demo/Drivers/lan9514/lib/dwhciframeschednsplit.o
LOAD /home/ljosalfur/Desktop/rpi/RaspberryPi-FreeRTOS-master/build/Demo/Drivers/lan9514/lib/usbgamepad.o
LOAD /home/ljosalfur/Desktop/rpi/RaspberryPi-FreeRTOS-master/build/Demo/Drivers/lan9514/lib/synchronize.o
LOAD /home/ljosalfur/Desktop/rpi/RaspberryPi-FreeRTOS-master/build/Demo/Drivers/lan9514/lib/usbstring.o

.init           0x0000000000008000       0xe0
 *(.init)
 .init          0x0000000000008000       0xe0 /home/ljosalfur/Desktop/rpi/RaspberryPi-FreeRTOS-master/build/Demo/startup.o
                0x0000000000008000                _start

.module_entries
                0x00000000000080e0        0x0
                0x00000000000080e0                __module_entries_start = .
 *(.module_entries)
 *(.module_entries.*)
                0x00000000000080e0                __module_entries_end = .
                0x0000000000000000                __module_entries_size = SIZEOF (.module_entries)

.text           0x0000000000010000    0x1dbb0
 *(.text)
 .text          0x0000000000010000      0x420 /home/ljosalfur/Desktop/rpi/RaspberryPi-FreeRTOS-master/build/FreeRTOS/Source/portable/GCC/RaspberryPi/port.o
                0x0000000000010000                pxPortInitialiseStack
                0x000000000001026c                xPortStartScheduler
                0x00000000000102b8                vPortEndScheduler
                0x00000000000102f0                vTickISR
 .text          0x0000000000010420      0x328 /home/ljosalfur/Desktop/rpi/RaspberryPi-FreeRTOS-master/build/FreeRTOS/Source/portable/GCC/RaspberryPi/portisr.o
                0x0000000000010420                vPortISRStartFirstTask
                0x00000000000104dc                vPortYieldProcessor
                0x0000000000010594                vFreeRTOS_ISR
                0x0000000000010648                vPortEnterCritical
                0x00000000000106b0                vPortExitCritical
 .text          0x0000000000010748      0x8e0 /home/ljosalfur/Desktop/rpi/RaspberryPi-FreeRTOS-master/build/FreeRTOS/Source/croutine.o
                0x0000000000010748                xCoRoutineCreate
                0x00000000000108e0                vCoRoutineAddToDelayedList
                0x0000000000010d38                vCoRoutineSchedule
                0x0000000000010f6c                xCoRoutineRemoveFromEventList
 .text          0x0000000000011028      0x350 /home/ljosalfur/Desktop/rpi/RaspberryPi-FreeRTOS-master/build/FreeRTOS/Source/list.o
                0x0000000000011028                vListInitialise
                0x00000000000110b4                vListInitialiseItem
                0x0000000000011104                vListInsertEnd
                0x00000000000111c0                vListInsert
                0x00000000000112bc                vListRemove
 .text          0x0000000000011378      0xea0 /home/ljosalfur/Desktop/rpi/RaspberryPi-FreeRTOS-master/build/FreeRTOS/Source/queue.o
                0x0000000000011378                xQueueGenericReset
                0x00000000000114bc                xQueueGenericCreate
                0x00000000000115b4                xQueueGenericSend
                0x0000000000011790                xQueueGenericSendFromISR
                0x000000000001189c                xQueueGenericReceive
                0x0000000000011ad8                xQueueReceiveFromISR
                0x0000000000011be8                uxQueueMessagesWaiting
                0x0000000000011c4c                uxQueueMessagesWaitingFromISR
                0x0000000000011ca8                vQueueDelete
                0x00000000000120bc                xQueueIsQueueEmptyFromISR
                0x00000000000121a4                xQueueIsQueueFullFromISR
 .text          0x0000000000012218     0x1f5c /home/ljosalfur/Desktop/rpi/RaspberryPi-FreeRTOS-master/build/FreeRTOS/Source/tasks.o
                0x0000000000012218                xTaskGenericCreate
                0x00000000000124b0                vTaskDelete
                0x00000000000125e4                vTaskDelayUntil
                0x0000000000012724                vTaskDelay
                0x00000000000127d0                uxTaskPriorityGet
                0x0000000000012858                vTaskPrioritySet
                0x0000000000012a24                vTaskSuspend
                0x0000000000012b5c                xTaskIsTaskSuspended
                0x0000000000012c04                vTaskResume
                0x0000000000012d24                xTaskResumeFromISR
                0x0000000000012e6c                vTaskStartScheduler
                0x0000000000012f30                vTaskEndScheduler
                0x0000000000012f90                vTaskSuspendAll
                0x0000000000012fe4                xTaskResumeAll
                0x00000000000131d0                xTaskGetTickCount
                0x0000000000013234                xTaskGetTickCountFromISR
                0x0000000000013298                uxTaskGetNumberOfTasks
                0x00000000000132e4                vTaskIncrementTick
                0x0000000000013564                vTaskSetApplicationTaskTag
                0x00000000000135e8                xTaskGetApplicationTaskTag
                0x0000000000013674                xTaskCallApplicationTaskHook
                0x0000000000013720                vTaskSwitchContext
                0x0000000000013850                vTaskPlaceOnEventList
                0x000000000001391c                xTaskRemoveFromEventList
                0x0000000000013a60                vTaskSetTimeOutState
                0x0000000000013acc                xTaskCheckForTimeOut
                0x0000000000013bf8                vTaskMissedYield
 .text          0x0000000000014174      0x5ac /home/ljosalfur/Desktop/rpi/RaspberryPi-FreeRTOS-master/build/Demo/Drivers/interrupts.o
                0x00000000000141ec                irqHandler
                0x0000000000014334                InitInterruptController
                0x00000000000143d8                RegisterInterrupt
                0x0000000000014488                EnableInterrupt
                0x000000000001458c                DisableInterrupt
                0x0000000000014690                EnableInterrupts
                0x00000000000146d8                DisableInterrupts
 .text          0x0000000000014720      0x734 /home/ljosalfur/Desktop/rpi/RaspberryPi-FreeRTOS-master/build/Demo/Drivers/gpio.o
                0x0000000000014720                SetGpioFunction
                0x0000000000014818                SetGpioDirection
                0x0000000000014874                SetGpio
                0x000000000001495c                ReadGpio
                0x00000000000149d8                EnableGpioDetect
                0x0000000000014bd4                DisableGpioDetect
                0x0000000000014dd8                ClearGpioInterrupt
 .text          0x0000000000014e54      0x5c8 /home/ljosalfur/Desktop/rpi/RaspberryPi-FreeRTOS-master/build//FreeRTOS/Source/portable/MemMang/heap_4.o
                0x0000000000014e54                pvPortMalloc
                0x000000000001505c                vPortFree
                0x0000000000015104                xPortGetFreeHeapSize
                0x0000000000015150                vPortInitialiseBlocks
 .text          0x000000000001541c       0x28 /home/ljosalfur/Desktop/rpi/RaspberryPi-FreeRTOS-master/build/Demo/startup.o
                0x0000000000015434                PUT32
                0x000000000001543c                GET32
 .text          0x0000000000015444      0x188 /home/ljosalfur/Desktop/rpi/RaspberryPi-FreeRTOS-master/build/Demo/main.o
                0x0000000000015444                task1
                0x0000000000015490                task2
                0x00000000000154e4                main
 .text          0x00000000000155cc      0x150 /home/ljosalfur/Desktop/rpi/RaspberryPi-FreeRTOS-master/build/Demo/Drivers/mailbox.o
                0x00000000000155cc                mailboxWrite
                0x0000000000015668                mailboxRead
 .text          0x000000000001571c      0x290 /home/ljosalfur/Desktop/rpi/RaspberryPi-FreeRTOS-master/build/Demo/trace.o
                0x000000000001571c                __cyg_profile_func_enter
                0x0000000000015864                __cyg_profile_func_exit
 *fill*         0x00000000000159ac        0x4 
 .text          0x00000000000159b0      0xbd0 /home/ljosalfur/Desktop/rpi/RaspberryPi-FreeRTOS-master/build/Demo/Drivers/video.o
                0x00000000000159b0                initFB
                0x0000000000015bfc                drawPixel
                0x0000000000015c5c                drawRect
                0x0000000000015ce8                drawChar
                0x0000000000015e10                drawString
                0x0000000000015e7c                println
                0x0000000000015f2c                printHex
                0x0000000000016138                videotest
 .text          0x0000000000016580      0x84c /home/ljosalfur/Desktop/rpi/RaspberryPi-FreeRTOS-master/build/Demo/Drivers/lan9514/uspibind.o
                0x0000000000016580                MsDelay
                0x00000000000165d4                usDelay
                0x0000000000016628                StartKernelTimer
                0x0000000000016694                CancelKernelTimer
                0x00000000000166e8                ConnectInterrupt
                0x0000000000016748                SetPowerStateOn
                0x0000000000016818                GetMACAddress
                0x0000000000016950                LogWrite
                0x00000000000169b0                uspi_assertion_failed
                0x0000000000016a0c                DebugHexdump
                0x0000000000016a58                malloc
                0x0000000000016ab0                free
                0x0000000000016afc                memset
                0x0000000000016b8c                memcmp
                0x0000000000016c58                memcpy
                0x0000000000016cf8                strncpy
 .text          0x0000000000016dcc      0x344 /home/ljosalfur/Desktop/rpi/RaspberryPi-FreeRTOS-master/build/Demo/Drivers/lan9514/arp.o
                0x0000000000016dcc                arp
 .text          0x0000000000017110     0x13c4 /home/ljosalfur/Desktop/rpi/RaspberryPi-FreeRTOS-master/build/Demo/Drivers/lan9514/lib/uspilibrary.o
                0x0000000000017110                USPiInitialize
                0x0000000000017494                USPiKeyboardAvailable
                0x0000000000017524                USPiKeyboardRegisterKeyPressedHandler
                0x00000000000175e0                USPiKeyboardRegisterShutdownHandler
                0x000000000001769c                USPiKeyboardRegisterKeyStatusHandlerRaw
                0x0000000000017758                USPiMouseAvailable
                0x00000000000177e8                USPiMouseRegisterStatusHandler
                0x00000000000178a4                USPiMassStorageDeviceAvailable
                0x0000000000017964                USPiMassStorageDeviceRead
                0x0000000000017a80                USPiMassStorageDeviceWrite
                0x0000000000017b9c                USPiMassStorageDeviceGetCapacity
                0x0000000000017c6c                USPiEthernetAvailable
                0x0000000000017cfc                USPiGetMACAddress
                0x0000000000017de8                USPiSendFrame
                0x0000000000017ecc                USPiReceiveFrame
                0x0000000000017fb0                USPiGamePadAvailable
                0x0000000000018078                USPiGamePadRegisterStatusHandler
                0x0000000000018160                USPiGamePadGetStatus
                0x0000000000018260                USPiDeviceGetInformation
 .text          0x00000000000184d4     0x3bc4 /home/ljosalfur/Desktop/rpi/RaspberryPi-FreeRTOS-master/build/Demo/Drivers/lan9514/lib/dwhcidevice.o
                0x00000000000184d4                DWHCIDevice
                0x00000000000185ac                _DWHCIDevice
                0x0000000000018600                DWHCIDeviceInitialize
                0x00000000000188d4                DWHCIDeviceGetDescriptor
                0x00000000000189bc                DWHCIDeviceSetAddress
                0x0000000000018a90                DWHCIDeviceSetConfiguration
                0x0000000000018b64                DWHCIDeviceControlMessage
                0x0000000000018cd4                DWHCIDeviceTransfer
                0x0000000000018db8                DWHCIDeviceSubmitBlockingRequest
                0x00000000000190f0                DWHCIDeviceSubmitAsyncRequest
                0x0000000000019254                DWHCIDeviceInitCore
                0x00000000000195b8                DWHCIDeviceInitHost
                0x00000000000198c4                DWHCIDeviceEnableRootPort
                0x0000000000019a20                DWHCIDeviceReset
                0x0000000000019b5c                DWHCIDeviceEnableGlobalInterrupts
                0x0000000000019c0c                DWHCIDeviceEnableCommonInterrupts
                0x0000000000019cac                DWHCIDeviceEnableHostInterrupts
                0x0000000000019d74                DWHCIDeviceEnableChannelInterrupt
                0x0000000000019e40                DWHCIDeviceDisableChannelInterrupt
                0x0000000000019f10                DWHCIDeviceFlushTxFIFO
                0x000000000001a018                DWHCIDeviceFlushRxFIFO
                0x000000000001a0f4                DWHCIDeviceTransferStage
                0x000000000001a234                DWHCIDeviceCompletionRoutine
                0x000000000001a2b8                DWHCIDeviceTransferStageAsync
                0x000000000001a504                DWHCIDeviceStartTransaction
                0x000000000001a6b8                DWHCIDeviceStartChannel
                0x000000000001ac74                DWHCIDeviceChannelInterruptHandler
                0x000000000001b418                DWHCIDeviceInterruptHandler
                0x000000000001b5c8                DWHCIDeviceTimerHandler
                0x000000000001b74c                DWHCIDeviceAllocateChannel
                0x000000000001b844                DWHCIDeviceFreeChannel
                0x000000000001b940                DWHCIDeviceWaitForBit
                0x000000000001baa8                DWHCIDeviceGetPortSpeed
                0x000000000001bb9c                DWHCIDeviceOvercurrentDetected
                0x000000000001bc60                DWHCIDeviceDisableRootPort
                0x000000000001bd10                DWHCIDeviceDumpRegister
                0x000000000001bdd4                DWHCIDeviceDumpStatus
 .text          0x000000000001c098      0x990 /home/ljosalfur/Desktop/rpi/RaspberryPi-FreeRTOS-master/build/Demo/Drivers/lan9514/lib/dwhciregister.o
                0x000000000001c098                DWHCIRegister
                0x000000000001c11c                DWHCIRegister2
                0x000000000001c1b0                _DWHCIRegister
                0x000000000001c224                DWHCIRegisterRead
                0x000000000001c2bc                DWHCIRegisterWrite
                0x000000000001c364                DWHCIRegisterGet
                0x000000000001c404                DWHCIRegisterSet
                0x000000000001c488                DWHCIRegisterIsSet
                0x000000000001c548                DWHCIRegisterAnd
                0x000000000001c5f4                DWHCIRegisterOr
                0x000000000001c6a0                DWHCIRegisterClearBit
                0x000000000001c77c                DWHCIRegisterSetBit
                0x000000000001c854                DWHCIRegisterClearAll
                0x000000000001c8d4                DWHCIRegisterSetAll
                0x000000000001c954                DWHCIRegisterDump
 .text          0x000000000001ca28     0x1ad8 /home/ljosalfur/Desktop/rpi/RaspberryPi-FreeRTOS-master/build/Demo/Drivers/lan9514/lib/dwhcixferstagedata.o
                0x000000000001ca28                DWHCITransferStageData
                0x000000000001cfa4                _DWHCITransferStageData
                0x000000000001d0b0                DWHCITransferStageDataTransactionComplete
                0x000000000001d2f0                DWHCITransferStageDataSetSplitComplete
                0x000000000001d390                DWHCITransferStageDataSetState
                0x000000000001d408                DWHCITransferStageDataGetState
                0x000000000001d480                DWHCITransferStageDataSetSubState
                0x000000000001d4f8                DWHCITransferStageDataGetSubState
                0x000000000001d570                DWHCITransferStageDataBeginSplitCycle
                0x000000000001d5c0                DWHCITransferStageDataGetChannelNumber
                0x000000000001d638                DWHCITransferStageDataIsPeriodic
                0x000000000001d70c                DWHCITransferStageDataGetDeviceAddress
                0x000000000001d7bc                DWHCITransferStageDataGetEndpointType
                0x000000000001d8d0                DWHCITransferStageDataGetEndpointNumber
                0x000000000001d980                DWHCITransferStageDataGetMaxPacketSize
                0x000000000001d9f8                DWHCITransferStageDataGetSpeed
                0x000000000001da70                DWHCITransferStageDataGetPID
                0x000000000001db8c                DWHCITransferStageDataIsDirectionIn
                0x000000000001dc04                DWHCITransferStageDataIsStatusStage
                0x000000000001dc7c                DWHCITransferStageDataGetDMAAddress
                0x000000000001dd20                DWHCITransferStageDataGetBytesToTransfer
                0x000000000001dd98                DWHCITransferStageDataGetPacketsToTransfer
                0x000000000001de10                DWHCITransferStageDataIsSplit
                0x000000000001de88                DWHCITransferStageDataIsSplitComplete
                0x000000000001df28                DWHCITransferStageDataGetHubAddress
                0x000000000001e000                DWHCITransferStageDataGetHubPortAddress
                0x000000000001e0d8                DWHCITransferStageDataGetSplitPosition
                0x000000000001e174                DWHCITransferStageDataGetStatusMask
                0x000000000001e220                DWHCITransferStageDataGetTransactionStatus
                0x000000000001e2c0                DWHCITransferStageDataIsStageComplete
                0x000000000001e34c                DWHCITransferStageDataGetResultLen
                0x000000000001e3e8                DWHCITransferStageDataGetURB
                0x000000000001e488                DWHCITransferStageDataGetFrameScheduler
 .text          0x000000000001e500      0x6c0 /home/ljosalfur/Desktop/rpi/RaspberryPi-FreeRTOS-master/build/Demo/Drivers/lan9514/lib/usbconfigparser.o
                0x000000000001e500                USBConfigurationParser
                0x000000000001e864                _USBConfigurationParser
                0x000000000001e8d8                USBConfigurationParserIsValid
                0x000000000001e950                USBConfigurationParserGetDescriptor
                0x000000000001eae4                USBConfigurationParserError
 .text          0x000000000001ebc0     0x182c /home/ljosalfur/Desktop/rpi/RaspberryPi-FreeRTOS-master/build/Demo/Drivers/lan9514/lib/usbdevice.o
                0x000000000001ebc0                USBDevice
                0x000000000001edb0                USBDeviceCopy
                0x000000000001f0f0                _USBDevice
                0x000000000001f260                USBDeviceInitialize
                0x000000000001f9ac                USBDeviceConfigure
                0x000000000001faec                USBDeviceGetName
                0x000000000001fd84                USBDeviceGetAddress
                0x000000000001fdfc                USBDeviceGetSpeed
                0x000000000001fe74                USBDeviceGetHubAddress
                0x000000000001feec                USBDeviceGetHubPortNumber
                0x000000000001ff64                USBDeviceGetEndpoint0
                0x0000000000020004                USBDeviceGetHost
                0x00000000000200a4                USBDeviceGetDeviceDescriptor
                0x0000000000020144                USBDeviceGetConfigurationDescriptor
                0x00000000000201e4                USBDeviceGetDescriptor
                0x00000000000202a0                USBDeviceConfigurationError
                0x0000000000020348                USBDeviceSetAddress
 .text          0x00000000000203ec      0x474 /home/ljosalfur/Desktop/rpi/RaspberryPi-FreeRTOS-master/build/Demo/Drivers/lan9514/lib/usbdevicefactory.o
                0x00000000000203ec                USBDeviceFactoryGetDevice
                0x0000000000020510                GetDevice
 .text          0x0000000000020860      0xba4 /home/ljosalfur/Desktop/rpi/RaspberryPi-FreeRTOS-master/build/Demo/Drivers/lan9514/lib/usbendpoint.o
                0x0000000000020860                USBEndpoint
                0x0000000000020948                USBEndpoint2
                0x0000000000020bec                USBEndpointCopy
                0x0000000000020d14                _USBEndpoint
                0x0000000000020d88                USBEndpointGetDevice
                0x0000000000020e28                USBEndpointGetNumber
                0x0000000000020ea0                USBEndpointGetType
                0x0000000000020f18                USBEndpointIsDirectionIn
                0x0000000000020f90                USBEndpointSetMaxPacketSize
                0x0000000000021008                USBEndpointGetMaxPacketSize
                0x0000000000021080                USBEndpointGetInterval
                0x0000000000021120                USBEndpointGetNextPID
                0x00000000000211d8                USBEndpointSkipPID
                0x0000000000021368                USBEndpointResetPID
 .text          0x0000000000021404      0x7ec /home/ljosalfur/Desktop/rpi/RaspberryPi-FreeRTOS-master/build/Demo/Drivers/lan9514/lib/usbrequest.o
                0x0000000000021404                USBRequest
                0x0000000000021544                _USBRequest
                0x00000000000215dc                USBRequestGetEndpoint
                0x000000000002167c                USBRequestSetStatus
                0x00000000000216f4                USBRequestSetResultLen
                0x000000000002176c                USBRequestGetStatus
                0x00000000000217e4                USBRequestGetResultLength
                0x0000000000021884                USBRequestGetSetupData
                0x0000000000021958                USBRequestGetBuffer
                0x0000000000021a08                USBRequestGetBufLen
                0x0000000000021a80                USBRequestSetCompletionRoutine
                0x0000000000021b40                USBRequestCallCompletionRoutine
 .text          0x0000000000021bf0     0x14a4 /home/ljosalfur/Desktop/rpi/RaspberryPi-FreeRTOS-master/build/Demo/Drivers/lan9514/lib/usbstandardhub.o
                0x0000000000021bf0                USBStandardHub
                0x0000000000021ce0                _USBStandardHub
                0x0000000000021e58                USBStandardHubInitialize
                0x0000000000021ed8                USBStandardHubConfigure
                0x00000000000223dc                USBStandardHubEnumeratePorts
                0x0000000000022ef8                USBStandardHubGetDeviceNames
 .text          0x0000000000023094      0x520 /home/ljosalfur/Desktop/rpi/RaspberryPi-FreeRTOS-master/build/Demo/Drivers/lan9514/lib/devicenameservice.o
                0x0000000000023094                DeviceNameService
                0x0000000000023144                _DeviceNameService
                0x000000000002325c                DeviceNameServiceAddDevice
                0x00000000000233e4                DeviceNameServiceGetDevice
                0x000000000002353c                DeviceNameServiceGet
 .text          0x00000000000235b4      0x73c /home/ljosalfur/Desktop/rpi/RaspberryPi-FreeRTOS-master/build/Demo/Drivers/lan9514/lib/macaddress.o
                0x00000000000235b4                MACAddress
                0x0000000000023628                MACAddress2
                0x00000000000236a0                _MACAddress
                0x0000000000023714                MACAddressIsEqual
                0x00000000000237ec                MACAddressSet
                0x00000000000238a0                MACAddressSetBroadcast
                0x000000000002392c                MACAddressGet
                0x00000000000239cc                MACAddressCopyTo
                0x0000000000023a9c                MACAddressIsBroadcast
                0x0000000000023b7c                MACAddressGetSize
                0x0000000000023bcc                MACAddressFormat
 .text          0x0000000000023cf0     0x10d8 /home/ljosalfur/Desktop/rpi/RaspberryPi-FreeRTOS-master/build/Demo/Drivers/lan9514/lib/smsc951x.o
                0x0000000000023cf0                SMSC951xDevice
                0x0000000000023de0                _SMSC951xDevice
                0x0000000000023ef8                SMSC951xDeviceConfigure
                0x0000000000024490                SMSC951xDeviceGetMACAddress
                0x0000000000024508                SMSC951xDeviceSendFrame
                0x000000000002468c                SMSC951xDeviceReceiveFrame
                0x0000000000024928                SMSC951xDeviceWriteReg
                0x0000000000024a08                SMSC951xDeviceReadReg
                0x0000000000024aec                SMSC951xDeviceDumpReg
                0x0000000000024bd0                SMSC951xDeviceDumpRegs
 .text          0x0000000000024dc8     0x1284 /home/ljosalfur/Desktop/rpi/RaspberryPi-FreeRTOS-master/build/Demo/Drivers/lan9514/lib/string.o
                0x0000000000024dc8                String
                0x0000000000024e48                String2
                0x0000000000024f00                _String
                0x0000000000024f94                StringGet
                0x0000000000025028                StringSet
                0x0000000000025110                StringGetLength
                0x00000000000251ac                StringAppend
                0x00000000000252f0                StringCompare
                0x000000000002537c                StringFind
                0x0000000000025458                StringFormat
                0x00000000000254e4                StringFormatV
                0x0000000000025c20                StringPutChar
                0x0000000000025cd4                StringPutString
                0x0000000000025d84                StringReserveSpace
                0x0000000000025ed8                ntoa
 .text          0x000000000002604c      0x748 /home/ljosalfur/Desktop/rpi/RaspberryPi-FreeRTOS-master/build/Demo/Drivers/lan9514/lib/util.o
                0x000000000002604c                uspi_memset
                0x00000000000260dc                uspi_memcpy
                0x000000000002617c                uspi_memcmp
                0x0000000000026254                uspi_strlen
                0x00000000000262d4                uspi_strcmp
                0x0000000000026404                uspi_strcpy
                0x00000000000264a0                uspi_strncpy
                0x0000000000026568                uspi_strcat
                0x0000000000026624                uspi_char2int
                0x000000000002669c                uspi_le2be16
                0x0000000000026714                uspi_le2be32
 .text          0x0000000000026794     0x14fc /home/ljosalfur/Desktop/rpi/RaspberryPi-FreeRTOS-master/build/Demo/Drivers/lan9514/lib/usbmassdevice.o
                0x0000000000026794                USBBulkOnlyMassStorageDevice
                0x0000000000026860                _USBBulkOnlyMassStorageDevice
                0x000000000002694c                USBBulkOnlyMassStorageDeviceConfigure
                0x0000000000027080                USBBulkOnlyMassStorageDeviceRead
                0x0000000000027170                USBBulkOnlyMassStorageDeviceWrite
                0x0000000000027260                USBBulkOnlyMassStorageDeviceSeek
                0x00000000000272f0                USBBulkOnlyMassStorageDeviceGetCapacity
                0x0000000000027368                USBBulkOnlyMassStorageDeviceTryRead
                0x0000000000027528                USBBulkOnlyMassStorageDeviceTryWrite
                0x00000000000276e4                USBBulkOnlyMassStorageDeviceCommand
                0x0000000000027a78                USBBulkOnlyMassStorageDeviceReset
 .text          0x0000000000027c90      0x554 /home/ljosalfur/Desktop/rpi/RaspberryPi-FreeRTOS-master/build/Demo/Drivers/lan9514/lib/dwhciframeschednper.o
                0x0000000000027c90                DWHCIFrameSchedulerNonPeriodic
                0x0000000000027d6c                _DWHCIFrameSchedulerNonPeriodic
                0x0000000000027de8                DWHCIFrameSchedulerNonPeriodicStartSplit
                0x0000000000027e64                DWHCIFrameSchedulerNonPeriodicCompleteSplit
                0x0000000000027f6c                DWHCIFrameSchedulerNonPeriodicTransactionComplete
                0x0000000000028150                DWHCIFrameSchedulerNonPeriodicWaitForFrame
                0x0000000000028194                DWHCIFrameSchedulerNonPeriodicIsOddFrame
 .text          0x00000000000281e4      0x698 /home/ljosalfur/Desktop/rpi/RaspberryPi-FreeRTOS-master/build/Demo/Drivers/lan9514/lib/dwhciframeschedper.o
                0x00000000000281e4                DWHCIFrameSchedulerPeriodic
                0x00000000000282cc                _DWHCIFrameSchedulerPeriodic
                0x0000000000028348                DWHCIFrameSchedulerPeriodicStartSplit
                0x00000000000283d0                DWHCIFrameSchedulerPeriodicCompleteSplit
                0x0000000000028518                DWHCIFrameSchedulerPeriodicTransactionComplete
                0x00000000000286d8                DWHCIFrameSchedulerPeriodicWaitForFrame
                0x00000000000287e4                DWHCIFrameSchedulerPeriodicIsOddFrame
 .text          0x000000000002887c      0x7dc /home/ljosalfur/Desktop/rpi/RaspberryPi-FreeRTOS-master/build/Demo/Drivers/lan9514/lib/keymap.o
                0x000000000002887c                KeyMap
                0x0000000000028920                _KeyMap
                0x0000000000028964                KeyMapClearTable
                0x0000000000028a3c                KeyMapSetEntry
                0x0000000000028b34                KeyMapTranslate
                0x0000000000028db4                KeyMapGetString
                0x0000000000028f88                KeyMapGetLEDStatus
 .text          0x0000000000029058      0xf60 /home/ljosalfur/Desktop/rpi/RaspberryPi-FreeRTOS-master/build/Demo/Drivers/lan9514/lib/usbkeyboard.o
                0x0000000000029058                USBKeyboardDevice
                0x00000000000291a0                _CUSBKeyboardDevice
                0x000000000002928c                USBKeyboardDeviceConfigure
                0x00000000000296b4                USBKeyboardDeviceRegisterKeyPressedHandler
                0x0000000000029750                USBKeyboardDeviceRegisterSelectConsoleHandler
                0x00000000000297ec                USBKeyboardDeviceRegisterShutdownHandler
                0x0000000000029888                USBKeyboardDeviceRegisterKeyStatusHandlerRaw
 .text          0x0000000000029fb8      0x524 /home/ljosalfur/Desktop/rpi/RaspberryPi-FreeRTOS-master/build/Demo/Drivers/lan9514/lib/dwhcirootport.o
                0x0000000000029fb8                DWHCIRootPort
                0x000000000002a064                _DWHCIRootPort
                0x000000000002a114                DWHCIRootPortInitialize
 .text          0x000000000002a4dc      0xa00 /home/ljosalfur/Desktop/rpi/RaspberryPi-FreeRTOS-master/build/Demo/Drivers/lan9514/lib/usbmouse.o
                0x000000000002a4dc                USBMouseDevice
                0x000000000002a5d8                _CUSBMouseDevice
                0x000000000002a6b4                USBMouseDeviceConfigure
                0x000000000002aadc                USBMouseDeviceRegisterStatusHandler
 .text          0x000000000002aedc      0x3d4 /home/ljosalfur/Desktop/rpi/RaspberryPi-FreeRTOS-master/build/Demo/Drivers/lan9514/lib/dwhciframeschednsplit.o
                0x000000000002aedc                DWHCIFrameSchedulerNoSplit
                0x000000000002afc8                _DWHCIFrameSchedulerNoSplit
                0x000000000002b00c                DWHCIFrameSchedulerNoSplitStartSplit
                0x000000000002b068                DWHCIFrameSchedulerNoSplitCompleteSplit
                0x000000000002b0d0                DWHCIFrameSchedulerNoSplitTransactionComplete
                0x000000000002b130                DWHCIFrameSchedulerNoSplitWaitForFrame
                0x000000000002b218                DWHCIFrameSchedulerNoSplitIsOddFrame
 .text          0x000000000002b2b0     0x192c /home/ljosalfur/Desktop/rpi/RaspberryPi-FreeRTOS-master/build/Demo/Drivers/lan9514/lib/usbgamepad.o
                0x000000000002b2b0                USBGamePadDevice
                0x000000000002b4bc                _CUSBGamePadDevice
                0x000000000002bff4                USBGamePadDeviceConfigure
                0x000000000002c5e4                USBGamePadDeviceRegisterStatusHandler
                0x000000000002c998                USBGamePadDeviceGetReport
 .text          0x000000000002cbdc      0x1a0 /home/ljosalfur/Desktop/rpi/RaspberryPi-FreeRTOS-master/build/Demo/Drivers/lan9514/lib/synchronize.o
                0x000000000002cbdc                uspi_EnterCritical
                0x000000000002cc78                uspi_LeaveCritical
                0x000000000002cd1c                uspi_CleanAndInvalidateDataCacheRange
 .text          0x000000000002cd7c      0xd1c /home/ljosalfur/Desktop/rpi/RaspberryPi-FreeRTOS-master/build/Demo/Drivers/lan9514/lib/usbstring.o
                0x000000000002cd7c                USBString
                0x000000000002ce78                USBStringCopy
                0x000000000002d03c                _USBString
                0x000000000002d130                USBStringGetFromDescriptor
                0x000000000002d69c                USBStringGet
                0x000000000002d720                USBStringGetLanguageID
 .text          0x000000000002da98      0x114 /usr/lib/gcc/arm-none-eabi/4.9.3/libgcc.a(_udivsi3.o)
                0x000000000002da98                __udivsi3
                0x000000000002da98                __aeabi_uidiv
                0x000000000002db8c                __aeabi_uidivmod
 .text          0x000000000002dbac        0x4 /usr/lib/gcc/arm-none-eabi/4.9.3/libgcc.a(_dvmd_tls.o)
                0x000000000002dbac                __aeabi_ldiv0
                0x000000000002dbac                __aeabi_idiv0

.rodata         0x000000000002dbb0     0x2fa0
 .rodata        0x000000000002dbb0        0x4 /home/ljosalfur/Desktop/rpi/RaspberryPi-FreeRTOS-master/build/FreeRTOS/Source/portable/GCC/RaspberryPi/port.o
 .rodata        0x000000000002dbb4        0x8 /home/ljosalfur/Desktop/rpi/RaspberryPi-FreeRTOS-master/build/FreeRTOS/Source/tasks.o
 .rodata        0x000000000002dbbc        0x4 /home/ljosalfur/Desktop/rpi/RaspberryPi-FreeRTOS-master/build/Demo/Drivers/interrupts.o
 .rodata        0x000000000002dbc0        0x4 /home/ljosalfur/Desktop/rpi/RaspberryPi-FreeRTOS-master/build/Demo/Drivers/gpio.o
                0x000000000002dbc0                pRegs
 .rodata        0x000000000002dbc4        0x8 /home/ljosalfur/Desktop/rpi/RaspberryPi-FreeRTOS-master/build//FreeRTOS/Source/portable/MemMang/heap_4.o
 .rodata        0x000000000002dbcc       0x10 /home/ljosalfur/Desktop/rpi/RaspberryPi-FreeRTOS-master/build/Demo/main.o
 .rodata        0x000000000002dbdc      0x24c /home/ljosalfur/Desktop/rpi/RaspberryPi-FreeRTOS-master/build/Demo/Drivers/video.o
                0x000000000002dbdc                font
 .rodata        0x000000000002de28       0x60 /home/ljosalfur/Desktop/rpi/RaspberryPi-FreeRTOS-master/build/Demo/Drivers/lan9514/uspibind.o
 .rodata        0x000000000002de88       0xd4 /home/ljosalfur/Desktop/rpi/RaspberryPi-FreeRTOS-master/build/Demo/Drivers/lan9514/arp.o
 .rodata        0x000000000002df5c      0x178 /home/ljosalfur/Desktop/rpi/RaspberryPi-FreeRTOS-master/build/Demo/Drivers/lan9514/lib/uspilibrary.o
 .rodata        0x000000000002e0d4      0x5e4 /home/ljosalfur/Desktop/rpi/RaspberryPi-FreeRTOS-master/build/Demo/Drivers/lan9514/lib/dwhcidevice.o
 .rodata        0x000000000002e6b8       0xe8 /home/ljosalfur/Desktop/rpi/RaspberryPi-FreeRTOS-master/build/Demo/Drivers/lan9514/lib/dwhciregister.o
 .rodata        0x000000000002e7a0      0x224 /home/ljosalfur/Desktop/rpi/RaspberryPi-FreeRTOS-master/build/Demo/Drivers/lan9514/lib/dwhcixferstagedata.o
 .rodata        0x000000000002e9c4       0xfc /home/ljosalfur/Desktop/rpi/RaspberryPi-FreeRTOS-master/build/Demo/Drivers/lan9514/lib/usbconfigparser.o
 .rodata        0x000000000002eac0      0x34c /home/ljosalfur/Desktop/rpi/RaspberryPi-FreeRTOS-master/build/Demo/Drivers/lan9514/lib/usbdevice.o
 .rodata        0x000000000002ee0c      0x100 /home/ljosalfur/Desktop/rpi/RaspberryPi-FreeRTOS-master/build/Demo/Drivers/lan9514/lib/usbdevicefactory.o
 .rodata        0x000000000002ef0c      0x1dc /home/ljosalfur/Desktop/rpi/RaspberryPi-FreeRTOS-master/build/Demo/Drivers/lan9514/lib/usbendpoint.o
 .rodata        0x000000000002f0e8      0x148 /home/ljosalfur/Desktop/rpi/RaspberryPi-FreeRTOS-master/build/Demo/Drivers/lan9514/lib/usbrequest.o
 .rodata        0x000000000002f230      0x3d0 /home/ljosalfur/Desktop/rpi/RaspberryPi-FreeRTOS-master/build/Demo/Drivers/lan9514/lib/usbstandardhub.o
 .rodata        0x000000000002f600      0x100 /home/ljosalfur/Desktop/rpi/RaspberryPi-FreeRTOS-master/build/Demo/Drivers/lan9514/lib/devicenameservice.o
 .rodata        0x000000000002f700       0xcc /home/ljosalfur/Desktop/rpi/RaspberryPi-FreeRTOS-master/build/Demo/Drivers/lan9514/lib/macaddress.o
 .rodata        0x000000000002f7cc      0x2d0 /home/ljosalfur/Desktop/rpi/RaspberryPi-FreeRTOS-master/build/Demo/Drivers/lan9514/lib/smsc951x.o
 .rodata        0x000000000002fa9c       0x6c /home/ljosalfur/Desktop/rpi/RaspberryPi-FreeRTOS-master/build/Demo/Drivers/lan9514/lib/string.o
 .rodata        0x000000000002fb08      0x308 /home/ljosalfur/Desktop/rpi/RaspberryPi-FreeRTOS-master/build/Demo/Drivers/lan9514/lib/usbmassdevice.o
 .rodata        0x000000000002fe10       0xb8 /home/ljosalfur/Desktop/rpi/RaspberryPi-FreeRTOS-master/build/Demo/Drivers/lan9514/lib/dwhciframeschednper.o
 .rodata        0x000000000002fec8       0xb8 /home/ljosalfur/Desktop/rpi/RaspberryPi-FreeRTOS-master/build/Demo/Drivers/lan9514/lib/dwhciframeschedper.o
 .rodata        0x000000000002ff80      0x2c8 /home/ljosalfur/Desktop/rpi/RaspberryPi-FreeRTOS-master/build/Demo/Drivers/lan9514/lib/keymap.o
 .rodata        0x0000000000030248      0x1ec /home/ljosalfur/Desktop/rpi/RaspberryPi-FreeRTOS-master/build/Demo/Drivers/lan9514/lib/usbkeyboard.o
 .rodata        0x0000000000030434      0x150 /home/ljosalfur/Desktop/rpi/RaspberryPi-FreeRTOS-master/build/Demo/Drivers/lan9514/lib/dwhcirootport.o
 .rodata        0x0000000000030584      0x188 /home/ljosalfur/Desktop/rpi/RaspberryPi-FreeRTOS-master/build/Demo/Drivers/lan9514/lib/usbmouse.o
 .rodata        0x000000000003070c       0x7c /home/ljosalfur/Desktop/rpi/RaspberryPi-FreeRTOS-master/build/Demo/Drivers/lan9514/lib/dwhciframeschednsplit.o
 .rodata        0x0000000000030788      0x1ac /home/ljosalfur/Desktop/rpi/RaspberryPi-FreeRTOS-master/build/Demo/Drivers/lan9514/lib/usbgamepad.o
 .rodata        0x0000000000030934       0x78 /home/ljosalfur/Desktop/rpi/RaspberryPi-FreeRTOS-master/build/Demo/Drivers/lan9514/lib/synchronize.o
 .rodata        0x00000000000309ac      0x1a4 /home/ljosalfur/Desktop/rpi/RaspberryPi-FreeRTOS-master/build/Demo/Drivers/lan9514/lib/usbstring.o

.glue_7         0x0000000000030b50        0x0
 .glue_7        0x0000000000030b50        0x0 linker stubs

.glue_7t        0x0000000000030b50        0x0
 .glue_7t       0x0000000000030b50        0x0 linker stubs

.vfp11_veneer   0x0000000000030b50        0x0
 .vfp11_veneer  0x0000000000030b50        0x0 linker stubs

.v4_bx          0x0000000000030b50        0x0
 .v4_bx         0x0000000000030b50        0x0 linker stubs

.iplt           0x0000000000030b50        0x0
 .iplt          0x0000000000030b50        0x0 /home/ljosalfur/Desktop/rpi/RaspberryPi-FreeRTOS-master/build/FreeRTOS/Source/portable/GCC/RaspberryPi/port.o

.rel.dyn        0x0000000000030b50        0x0
 .rel.iplt      0x0000000000030b50        0x0 /home/ljosalfur/Desktop/rpi/RaspberryPi-FreeRTOS-master/build/FreeRTOS/Source/portable/GCC/RaspberryPi/port.o

.data           0x0000000000030b50      0x144
 *(.data)
 .data          0x0000000000030b50        0x0 /home/ljosalfur/Desktop/rpi/RaspberryPi-FreeRTOS-master/build/FreeRTOS/Source/portable/GCC/RaspberryPi/port.o
 .data          0x0000000000030b50        0x4 /home/ljosalfur/Desktop/rpi/RaspberryPi-FreeRTOS-master/build/FreeRTOS/Source/portable/GCC/RaspberryPi/portisr.o
                0x0000000000030b50                ulCriticalNesting
 .data          0x0000000000030b54        0x0 /home/ljosalfur/Desktop/rpi/RaspberryPi-FreeRTOS-master/build/FreeRTOS/Source/croutine.o
 .data          0x0000000000030b54        0x0 /home/ljosalfur/Desktop/rpi/RaspberryPi-FreeRTOS-master/build/FreeRTOS/Source/list.o
 .data          0x0000000000030b54        0x0 /home/ljosalfur/Desktop/rpi/RaspberryPi-FreeRTOS-master/build/FreeRTOS/Source/queue.o
 .data          0x0000000000030b54        0x4 /home/ljosalfur/Desktop/rpi/RaspberryPi-FreeRTOS-master/build/FreeRTOS/Source/tasks.o
 .data          0x0000000000030b58        0x0 /home/ljosalfur/Desktop/rpi/RaspberryPi-FreeRTOS-master/build/Demo/Drivers/interrupts.o
 .data          0x0000000000030b58        0x0 /home/ljosalfur/Desktop/rpi/RaspberryPi-FreeRTOS-master/build/Demo/Drivers/gpio.o
 .data          0x0000000000030b58        0x4 /home/ljosalfur/Desktop/rpi/RaspberryPi-FreeRTOS-master/build//FreeRTOS/Source/portable/MemMang/heap_4.o
 .data          0x0000000000030b5c        0x0 /home/ljosalfur/Desktop/rpi/RaspberryPi-FreeRTOS-master/build/Demo/startup.o
 .data          0x0000000000030b5c        0x0 /home/ljosalfur/Desktop/rpi/RaspberryPi-FreeRTOS-master/build/Demo/main.o
 .data          0x0000000000030b5c        0x0 /home/ljosalfur/Desktop/rpi/RaspberryPi-FreeRTOS-master/build/Demo/Drivers/mailbox.o
 .data          0x0000000000030b5c        0x0 /home/ljosalfur/Desktop/rpi/RaspberryPi-FreeRTOS-master/build/Demo/trace.o
 .data          0x0000000000030b5c       0x20 /home/ljosalfur/Desktop/rpi/RaspberryPi-FreeRTOS-master/build/Demo/Drivers/video.o
                0x0000000000030b5c                hex
                0x0000000000030b6c                messageh
 .data          0x0000000000030b7c        0x0 /home/ljosalfur/Desktop/rpi/RaspberryPi-FreeRTOS-master/build/Demo/Drivers/lan9514/uspibind.o
 .data          0x0000000000030b7c        0x0 /home/ljosalfur/Desktop/rpi/RaspberryPi-FreeRTOS-master/build/Demo/Drivers/lan9514/arp.o
 .data          0x0000000000030b7c        0x0 /home/ljosalfur/Desktop/rpi/RaspberryPi-FreeRTOS-master/build/Demo/Drivers/lan9514/lib/uspilibrary.o
 .data          0x0000000000030b7c        0x0 /home/ljosalfur/Desktop/rpi/RaspberryPi-FreeRTOS-master/build/Demo/Drivers/lan9514/lib/dwhcidevice.o
 .data          0x0000000000030b7c        0x0 /home/ljosalfur/Desktop/rpi/RaspberryPi-FreeRTOS-master/build/Demo/Drivers/lan9514/lib/dwhciregister.o
 .data          0x0000000000030b7c        0x0 /home/ljosalfur/Desktop/rpi/RaspberryPi-FreeRTOS-master/build/Demo/Drivers/lan9514/lib/dwhcixferstagedata.o
 .data          0x0000000000030b7c        0x0 /home/ljosalfur/Desktop/rpi/RaspberryPi-FreeRTOS-master/build/Demo/Drivers/lan9514/lib/usbconfigparser.o
 .data          0x0000000000030b7c        0x1 /home/ljosalfur/Desktop/rpi/RaspberryPi-FreeRTOS-master/build/Demo/Drivers/lan9514/lib/usbdevice.o
 .data          0x0000000000030b7d        0x0 /home/ljosalfur/Desktop/rpi/RaspberryPi-FreeRTOS-master/build/Demo/Drivers/lan9514/lib/usbdevicefactory.o
 .data          0x0000000000030b7d        0x0 /home/ljosalfur/Desktop/rpi/RaspberryPi-FreeRTOS-master/build/Demo/Drivers/lan9514/lib/usbendpoint.o
 .data          0x0000000000030b7d        0x0 /home/ljosalfur/Desktop/rpi/RaspberryPi-FreeRTOS-master/build/Demo/Drivers/lan9514/lib/usbrequest.o
 .data          0x0000000000030b7d        0x0 /home/ljosalfur/Desktop/rpi/RaspberryPi-FreeRTOS-master/build/Demo/Drivers/lan9514/lib/usbstandardhub.o
 .data          0x0000000000030b7d        0x0 /home/ljosalfur/Desktop/rpi/RaspberryPi-FreeRTOS-master/build/Demo/Drivers/lan9514/lib/devicenameservice.o
 .data          0x0000000000030b7d        0x0 /home/ljosalfur/Desktop/rpi/RaspberryPi-FreeRTOS-master/build/Demo/Drivers/lan9514/lib/macaddress.o
 .data          0x0000000000030b7d        0x0 /home/ljosalfur/Desktop/rpi/RaspberryPi-FreeRTOS-master/build/Demo/Drivers/lan9514/lib/smsc951x.o
 .data          0x0000000000030b7d        0x0 /home/ljosalfur/Desktop/rpi/RaspberryPi-FreeRTOS-master/build/Demo/Drivers/lan9514/lib/string.o
 .data          0x0000000000030b7d        0x0 /home/ljosalfur/Desktop/rpi/RaspberryPi-FreeRTOS-master/build/Demo/Drivers/lan9514/lib/util.o
 *fill*         0x0000000000030b7d        0x3 
 .data          0x0000000000030b80        0x4 /home/ljosalfur/Desktop/rpi/RaspberryPi-FreeRTOS-master/build/Demo/Drivers/lan9514/lib/usbmassdevice.o
 .data          0x0000000000030b84        0x0 /home/ljosalfur/Desktop/rpi/RaspberryPi-FreeRTOS-master/build/Demo/Drivers/lan9514/lib/dwhciframeschednper.o
 .data          0x0000000000030b84        0x0 /home/ljosalfur/Desktop/rpi/RaspberryPi-FreeRTOS-master/build/Demo/Drivers/lan9514/lib/dwhciframeschedper.o
 .data          0x0000000000030b84       0xcc /home/ljosalfur/Desktop/rpi/RaspberryPi-FreeRTOS-master/build/Demo/Drivers/lan9514/lib/keymap.o
 .data          0x0000000000030c50        0x4 /home/ljosalfur/Desktop/rpi/RaspberryPi-FreeRTOS-master/build/Demo/Drivers/lan9514/lib/usbkeyboard.o
 .data          0x0000000000030c54        0x0 /home/ljosalfur/Desktop/rpi/RaspberryPi-FreeRTOS-master/build/Demo/Drivers/lan9514/lib/dwhcirootport.o
 .data          0x0000000000030c54        0x4 /home/ljosalfur/Desktop/rpi/RaspberryPi-FreeRTOS-master/build/Demo/Drivers/lan9514/lib/usbmouse.o
 .data          0x0000000000030c58        0x0 /home/ljosalfur/Desktop/rpi/RaspberryPi-FreeRTOS-master/build/Demo/Drivers/lan9514/lib/dwhciframeschednsplit.o
 .data          0x0000000000030c58       0x3c /home/ljosalfur/Desktop/rpi/RaspberryPi-FreeRTOS-master/build/Demo/Drivers/lan9514/lib/usbgamepad.o
 .data          0x0000000000030c94        0x0 /home/ljosalfur/Desktop/rpi/RaspberryPi-FreeRTOS-master/build/Demo/Drivers/lan9514/lib/synchronize.o
 .data          0x0000000000030c94        0x0 /home/ljosalfur/Desktop/rpi/RaspberryPi-FreeRTOS-master/build/Demo/Drivers/lan9514/lib/usbstring.o
 .data          0x0000000000030c94        0x0 /usr/lib/gcc/arm-none-eabi/4.9.3/libgcc.a(_udivsi3.o)
 .data          0x0000000000030c94        0x0 /usr/lib/gcc/arm-none-eabi/4.9.3/libgcc.a(_dvmd_tls.o)

.igot.plt       0x0000000000030c94        0x0
 .igot.plt      0x0000000000030c94        0x0 /home/ljosalfur/Desktop/rpi/RaspberryPi-FreeRTOS-master/build/FreeRTOS/Source/portable/GCC/RaspberryPi/port.o

.bss            0x0000000000030ca0     0xa4a8
                0x0000000000030ca0                __bss_start = .
 *(.bss)
 .bss           0x0000000000030ca0        0x0 /home/ljosalfur/Desktop/rpi/RaspberryPi-FreeRTOS-master/build/FreeRTOS/Source/portable/GCC/RaspberryPi/port.o
 .bss           0x0000000000030ca0        0x4 /home/ljosalfur/Desktop/rpi/RaspberryPi-FreeRTOS-master/build/FreeRTOS/Source/portable/GCC/RaspberryPi/portisr.o
                0x0000000000030ca0                g_bStarted
 .bss           0x0000000000030ca4       0x80 /home/ljosalfur/Desktop/rpi/RaspberryPi-FreeRTOS-master/build/FreeRTOS/Source/croutine.o
                0x0000000000030d10                pxCurrentCoRoutine
 .bss           0x0000000000030d24        0x0 /home/ljosalfur/Desktop/rpi/RaspberryPi-FreeRTOS-master/build/FreeRTOS/Source/list.o
 .bss           0x0000000000030d24        0x0 /home/ljosalfur/Desktop/rpi/RaspberryPi-FreeRTOS-master/build/FreeRTOS/Source/queue.o
 .bss           0x0000000000030d24      0x100 /home/ljosalfur/Desktop/rpi/RaspberryPi-FreeRTOS-master/build/FreeRTOS/Source/tasks.o
                0x0000000000030d24                pxCurrentTCB
 .bss           0x0000000000030e24      0x240 /home/ljosalfur/Desktop/rpi/RaspberryPi-FreeRTOS-master/build/Demo/Drivers/interrupts.o
 .bss           0x0000000000031064        0x0 /home/ljosalfur/Desktop/rpi/RaspberryPi-FreeRTOS-master/build/Demo/Drivers/gpio.o
 *fill*         0x0000000000031064        0x4 
 .bss           0x0000000000031068     0xa010 /home/ljosalfur/Desktop/rpi/RaspberryPi-FreeRTOS-master/build//FreeRTOS/Source/portable/MemMang/heap_4.o
                0x000000000003b074                allocated
 .bss           0x000000000003b078        0x0 /home/ljosalfur/Desktop/rpi/RaspberryPi-FreeRTOS-master/build/Demo/startup.o
 .bss           0x000000000003b078        0x0 /home/ljosalfur/Desktop/rpi/RaspberryPi-FreeRTOS-master/build/Demo/main.o
 .bss           0x000000000003b078        0x0 /home/ljosalfur/Desktop/rpi/RaspberryPi-FreeRTOS-master/build/Demo/Drivers/mailbox.o
 .bss           0x000000000003b078        0x4 /home/ljosalfur/Desktop/rpi/RaspberryPi-FreeRTOS-master/build/Demo/trace.o
                0x000000000003b078                depth
 .bss           0x000000000003b07c       0x4c /home/ljosalfur/Desktop/rpi/RaspberryPi-FreeRTOS-master/build/Demo/Drivers/video.o
                0x000000000003b07c                loaded
                0x000000000003b080                position_x
                0x000000000003b084                position_y
                0x000000000003b088                regs
 .bss           0x000000000003b0c8        0x0 /home/ljosalfur/Desktop/rpi/RaspberryPi-FreeRTOS-master/build/Demo/Drivers/lan9514/uspibind.o
 .bss           0x000000000003b0c8        0x0 /home/ljosalfur/Desktop/rpi/RaspberryPi-FreeRTOS-master/build/Demo/Drivers/lan9514/arp.o
 .bss           0x000000000003b0c8        0x4 /home/ljosalfur/Desktop/rpi/RaspberryPi-FreeRTOS-master/build/Demo/Drivers/lan9514/lib/uspilibrary.o
 .bss           0x000000000003b0cc        0x0 /home/ljosalfur/Desktop/rpi/RaspberryPi-FreeRTOS-master/build/Demo/Drivers/lan9514/lib/dwhcidevice.o
 .bss           0x000000000003b0cc        0x0 /home/ljosalfur/Desktop/rpi/RaspberryPi-FreeRTOS-master/build/Demo/Drivers/lan9514/lib/dwhciregister.o
 .bss           0x000000000003b0cc        0x0 /home/ljosalfur/Desktop/rpi/RaspberryPi-FreeRTOS-master/build/Demo/Drivers/lan9514/lib/dwhcixferstagedata.o
 .bss           0x000000000003b0cc        0x0 /home/ljosalfur/Desktop/rpi/RaspberryPi-FreeRTOS-master/build/Demo/Drivers/lan9514/lib/usbconfigparser.o
 .bss           0x000000000003b0cc        0x0 /home/ljosalfur/Desktop/rpi/RaspberryPi-FreeRTOS-master/build/Demo/Drivers/lan9514/lib/usbdevice.o
 .bss           0x000000000003b0cc        0x0 /home/ljosalfur/Desktop/rpi/RaspberryPi-FreeRTOS-master/build/Demo/Drivers/lan9514/lib/usbdevicefactory.o
 .bss           0x000000000003b0cc        0x0 /home/ljosalfur/Desktop/rpi/RaspberryPi-FreeRTOS-master/build/Demo/Drivers/lan9514/lib/usbendpoint.o
 .bss           0x000000000003b0cc        0x0 /home/ljosalfur/Desktop/rpi/RaspberryPi-FreeRTOS-master/build/Demo/Drivers/lan9514/lib/usbrequest.o
 .bss           0x000000000003b0cc        0x0 /home/ljosalfur/Desktop/rpi/RaspberryPi-FreeRTOS-master/build/Demo/Drivers/lan9514/lib/usbstandardhub.o
 .bss           0x000000000003b0cc        0x4 /home/ljosalfur/Desktop/rpi/RaspberryPi-FreeRTOS-master/build/Demo/Drivers/lan9514/lib/devicenameservice.o
 .bss           0x000000000003b0d0        0x0 /home/ljosalfur/Desktop/rpi/RaspberryPi-FreeRTOS-master/build/Demo/Drivers/lan9514/lib/macaddress.o
 .bss           0x000000000003b0d0        0x4 /home/ljosalfur/Desktop/rpi/RaspberryPi-FreeRTOS-master/build/Demo/Drivers/lan9514/lib/smsc951x.o
 .bss           0x000000000003b0d4        0x0 /home/ljosalfur/Desktop/rpi/RaspberryPi-FreeRTOS-master/build/Demo/Drivers/lan9514/lib/string.o
 .bss           0x000000000003b0d4        0x0 /home/ljosalfur/Desktop/rpi/RaspberryPi-FreeRTOS-master/build/Demo/Drivers/lan9514/lib/util.o
 .bss           0x000000000003b0d4        0x0 /home/ljosalfur/Desktop/rpi/RaspberryPi-FreeRTOS-master/build/Demo/Drivers/lan9514/lib/usbmassdevice.o
 .bss           0x000000000003b0d4        0x0 /home/ljosalfur/Desktop/rpi/RaspberryPi-FreeRTOS-master/build/Demo/Drivers/lan9514/lib/dwhciframeschednper.o
 .bss           0x000000000003b0d4        0x0 /home/ljosalfur/Desktop/rpi/RaspberryPi-FreeRTOS-master/build/Demo/Drivers/lan9514/lib/dwhciframeschedper.o
 .bss           0x000000000003b0d4        0x0 /home/ljosalfur/Desktop/rpi/RaspberryPi-FreeRTOS-master/build/Demo/Drivers/lan9514/lib/keymap.o
 .bss           0x000000000003b0d4        0x0 /home/ljosalfur/Desktop/rpi/RaspberryPi-FreeRTOS-master/build/Demo/Drivers/lan9514/lib/usbkeyboard.o
 .bss           0x000000000003b0d4        0x0 /home/ljosalfur/Desktop/rpi/RaspberryPi-FreeRTOS-master/build/Demo/Drivers/lan9514/lib/dwhcirootport.o
 .bss           0x000000000003b0d4        0x0 /home/ljosalfur/Desktop/rpi/RaspberryPi-FreeRTOS-master/build/Demo/Drivers/lan9514/lib/usbmouse.o
 .bss           0x000000000003b0d4        0x0 /home/ljosalfur/Desktop/rpi/RaspberryPi-FreeRTOS-master/build/Demo/Drivers/lan9514/lib/dwhciframeschednsplit.o
 .bss           0x000000000003b0d4        0x0 /home/ljosalfur/Desktop/rpi/RaspberryPi-FreeRTOS-master/build/Demo/Drivers/lan9514/lib/usbgamepad.o
 .bss           0x000000000003b0d4        0x8 /home/ljosalfur/Desktop/rpi/RaspberryPi-FreeRTOS-master/build/Demo/Drivers/lan9514/lib/synchronize.o
 .bss           0x000000000003b0dc        0x0 /home/ljosalfur/Desktop/rpi/RaspberryPi-FreeRTOS-master/build/Demo/Drivers/lan9514/lib/usbstring.o
 .bss           0x000000000003b0dc        0x0 /usr/lib/gcc/arm-none-eabi/4.9.3/libgcc.a(_udivsi3.o)
 .bss           0x000000000003b0dc        0x0 /usr/lib/gcc/arm-none-eabi/4.9.3/libgcc.a(_dvmd_tls.o)
 *(.bss.*)
                0x000000000003b0dc                __bss_end = .
 COMMON         0x000000000003b0dc        0x0 /home/ljosalfur/Desktop/rpi/RaspberryPi-FreeRTOS-master/build/Demo/main.o
 *fill*         0x000000000003b0dc        0x4 
 COMMON         0x000000000003b0e0       0x68 /home/ljosalfur/Desktop/rpi/RaspberryPi-FreeRTOS-master/build/Demo/Drivers/video.o
                0x000000000003b0e0                SCREEN_WIDTH
                0x000000000003b0e4                i
                0x000000000003b0e8                SCREEN_HEIGHT
                0x000000000003b0ec                framebuffer
                0x000000000003b0f0                mailbuffer
                0x0000000008010000                _estack = (ORIGIN (RAM) + 0x8000000)
LOAD /usr/lib/gcc/arm-none-eabi/4.9.3/libgcc.a
LOAD /usr/lib/arm-none-eabi/lib/libc.a
OUTPUT(kernel.elf elf32-littlearm)

.debug_info     0x0000000000000000    0x13edb
 .debug_info    0x0000000000000000      0x1f5 /home/ljosalfur/Desktop/rpi/RaspberryPi-FreeRTOS-master/build/FreeRTOS/Source/portable/GCC/RaspberryPi/port.o
 .debug_info    0x00000000000001f5      0x188 /home/ljosalfur/Desktop/rpi/RaspberryPi-FreeRTOS-master/build/FreeRTOS/Source/portable/GCC/RaspberryPi/portisr.o
 .debug_info    0x000000000000037d      0x46a /home/ljosalfur/Desktop/rpi/RaspberryPi-FreeRTOS-master/build/FreeRTOS/Source/croutine.o
 .debug_info    0x00000000000007e7      0x27f /home/ljosalfur/Desktop/rpi/RaspberryPi-FreeRTOS-master/build/FreeRTOS/Source/list.o
 .debug_info    0x0000000000000a66      0x71c /home/ljosalfur/Desktop/rpi/RaspberryPi-FreeRTOS-master/build/FreeRTOS/Source/queue.o
 .debug_info    0x0000000000001182      0xd21 /home/ljosalfur/Desktop/rpi/RaspberryPi-FreeRTOS-master/build/FreeRTOS/Source/tasks.o
 .debug_info    0x0000000000001ea3      0x305 /home/ljosalfur/Desktop/rpi/RaspberryPi-FreeRTOS-master/build/Demo/Drivers/interrupts.o
 .debug_info    0x00000000000021a8      0x3f3 /home/ljosalfur/Desktop/rpi/RaspberryPi-FreeRTOS-master/build/Demo/Drivers/gpio.o
 .debug_info    0x000000000000259b      0x2c7 /home/ljosalfur/Desktop/rpi/RaspberryPi-FreeRTOS-master/build//FreeRTOS/Source/portable/MemMang/heap_4.o
 .debug_info    0x0000000000002862       0xc4 /home/ljosalfur/Desktop/rpi/RaspberryPi-FreeRTOS-master/build/Demo/main.o
 .debug_info    0x0000000000002926       0xa8 /home/ljosalfur/Desktop/rpi/RaspberryPi-FreeRTOS-master/build/Demo/Drivers/mailbox.o
 .debug_info    0x00000000000029ce      0x13f /home/ljosalfur/Desktop/rpi/RaspberryPi-FreeRTOS-master/build/Demo/trace.o
 .debug_info    0x0000000000002b0d      0x3b5 /home/ljosalfur/Desktop/rpi/RaspberryPi-FreeRTOS-master/build/Demo/Drivers/video.o
 .debug_info    0x0000000000002ec2      0x4ef /home/ljosalfur/Desktop/rpi/RaspberryPi-FreeRTOS-master/build/Demo/Drivers/lan9514/uspibind.o
 .debug_info    0x00000000000033b1      0x3b8 /home/ljosalfur/Desktop/rpi/RaspberryPi-FreeRTOS-master/build/Demo/Drivers/lan9514/arp.o
 .debug_info    0x0000000000003769     0x1588 /home/ljosalfur/Desktop/rpi/RaspberryPi-FreeRTOS-master/build/Demo/Drivers/lan9514/lib/uspilibrary.o
 .debug_info    0x0000000000004cf1     0x1757 /home/ljosalfur/Desktop/rpi/RaspberryPi-FreeRTOS-master/build/Demo/Drivers/lan9514/lib/dwhcidevice.o
 .debug_info    0x0000000000006448      0x35b /home/ljosalfur/Desktop/rpi/RaspberryPi-FreeRTOS-master/build/Demo/Drivers/lan9514/lib/dwhciregister.o
 .debug_info    0x00000000000067a3      0xfc7 /home/ljosalfur/Desktop/rpi/RaspberryPi-FreeRTOS-master/build/Demo/Drivers/lan9514/lib/dwhcixferstagedata.o
 .debug_info    0x000000000000776a      0x44b /home/ljosalfur/Desktop/rpi/RaspberryPi-FreeRTOS-master/build/Demo/Drivers/lan9514/lib/usbconfigparser.o
 .debug_info    0x0000000000007bb5      0xdef /home/ljosalfur/Desktop/rpi/RaspberryPi-FreeRTOS-master/build/Demo/Drivers/lan9514/lib/usbdevice.o
 .debug_info    0x00000000000089a4     0x10d0 /home/ljosalfur/Desktop/rpi/RaspberryPi-FreeRTOS-master/build/Demo/Drivers/lan9514/lib/usbdevicefactory.o
 .debug_info    0x0000000000009a74      0x8de /home/ljosalfur/Desktop/rpi/RaspberryPi-FreeRTOS-master/build/Demo/Drivers/lan9514/lib/usbendpoint.o
 .debug_info    0x000000000000a352      0x965 /home/ljosalfur/Desktop/rpi/RaspberryPi-FreeRTOS-master/build/Demo/Drivers/lan9514/lib/usbrequest.o
 .debug_info    0x000000000000acb7      0xe4a /home/ljosalfur/Desktop/rpi/RaspberryPi-FreeRTOS-master/build/Demo/Drivers/lan9514/lib/usbstandardhub.o
 .debug_info    0x000000000000bb01      0x231 /home/ljosalfur/Desktop/rpi/RaspberryPi-FreeRTOS-master/build/Demo/Drivers/lan9514/lib/devicenameservice.o
 .debug_info    0x000000000000bd32      0x318 /home/ljosalfur/Desktop/rpi/RaspberryPi-FreeRTOS-master/build/Demo/Drivers/lan9514/lib/macaddress.o
 .debug_info    0x000000000000c04a      0xdad /home/ljosalfur/Desktop/rpi/RaspberryPi-FreeRTOS-master/build/Demo/Drivers/lan9514/lib/smsc951x.o
 .debug_info    0x000000000000cdf7      0x57a /home/ljosalfur/Desktop/rpi/RaspberryPi-FreeRTOS-master/build/Demo/Drivers/lan9514/lib/string.o
 .debug_info    0x000000000000d371      0x377 /home/ljosalfur/Desktop/rpi/RaspberryPi-FreeRTOS-master/build/Demo/Drivers/lan9514/lib/util.o
 .debug_info    0x000000000000d6e8     0x142e /home/ljosalfur/Desktop/rpi/RaspberryPi-FreeRTOS-master/build/Demo/Drivers/lan9514/lib/usbmassdevice.o
 .debug_info    0x000000000000eb16      0x2f6 /home/ljosalfur/Desktop/rpi/RaspberryPi-FreeRTOS-master/build/Demo/Drivers/lan9514/lib/dwhciframeschednper.o
 .debug_info    0x000000000000ee0c      0x368 /home/ljosalfur/Desktop/rpi/RaspberryPi-FreeRTOS-master/build/Demo/Drivers/lan9514/lib/dwhciframeschedper.o
 .debug_info    0x000000000000f174      0x517 /home/ljosalfur/Desktop/rpi/RaspberryPi-FreeRTOS-master/build/Demo/Drivers/lan9514/lib/keymap.o
 .debug_info    0x000000000000f68b     0x109d /home/ljosalfur/Desktop/rpi/RaspberryPi-FreeRTOS-master/build/Demo/Drivers/lan9514/lib/usbkeyboard.o
 .debug_info    0x0000000000010728      0xa4d /home/ljosalfur/Desktop/rpi/RaspberryPi-FreeRTOS-master/build/Demo/Drivers/lan9514/lib/dwhcirootport.o
 .debug_info    0x0000000000011175      0xbd0 /home/ljosalfur/Desktop/rpi/RaspberryPi-FreeRTOS-master/build/Demo/Drivers/lan9514/lib/usbmouse.o
 .debug_info    0x0000000000011d45      0x2f1 /home/ljosalfur/Desktop/rpi/RaspberryPi-FreeRTOS-master/build/Demo/Drivers/lan9514/lib/dwhciframeschednsplit.o
 .debug_info    0x0000000000012036     0x10cc /home/ljosalfur/Desktop/rpi/RaspberryPi-FreeRTOS-master/build/Demo/Drivers/lan9514/lib/usbgamepad.o
 .debug_info    0x0000000000013102      0x108 /home/ljosalfur/Desktop/rpi/RaspberryPi-FreeRTOS-master/build/Demo/Drivers/lan9514/lib/synchronize.o
 .debug_info    0x000000000001320a      0xb75 /home/ljosalfur/Desktop/rpi/RaspberryPi-FreeRTOS-master/build/Demo/Drivers/lan9514/lib/usbstring.o
 .debug_info    0x0000000000013d7f       0xae /usr/lib/gcc/arm-none-eabi/4.9.3/libgcc.a(_udivsi3.o)
 .debug_info    0x0000000000013e2d       0xae /usr/lib/gcc/arm-none-eabi/4.9.3/libgcc.a(_dvmd_tls.o)

.debug_abbrev   0x0000000000000000     0x3275
 .debug_abbrev  0x0000000000000000      0x11f /home/ljosalfur/Desktop/rpi/RaspberryPi-FreeRTOS-master/build/FreeRTOS/Source/portable/GCC/RaspberryPi/port.o
 .debug_abbrev  0x000000000000011f       0xbf /home/ljosalfur/Desktop/rpi/RaspberryPi-FreeRTOS-master/build/FreeRTOS/Source/portable/GCC/RaspberryPi/portisr.o
 .debug_abbrev  0x00000000000001de      0x185 /home/ljosalfur/Desktop/rpi/RaspberryPi-FreeRTOS-master/build/FreeRTOS/Source/croutine.o
 .debug_abbrev  0x0000000000000363       0xba /home/ljosalfur/Desktop/rpi/RaspberryPi-FreeRTOS-master/build/FreeRTOS/Source/list.o
 .debug_abbrev  0x000000000000041d      0x116 /home/ljosalfur/Desktop/rpi/RaspberryPi-FreeRTOS-master/build/FreeRTOS/Source/queue.o
 .debug_abbrev  0x0000000000000533      0x18c /home/ljosalfur/Desktop/rpi/RaspberryPi-FreeRTOS-master/build/FreeRTOS/Source/tasks.o
 .debug_abbrev  0x00000000000006bf      0x159 /home/ljosalfur/Desktop/rpi/RaspberryPi-FreeRTOS-master/build/Demo/Drivers/interrupts.o
 .debug_abbrev  0x0000000000000818      0x115 /home/ljosalfur/Desktop/rpi/RaspberryPi-FreeRTOS-master/build/Demo/Drivers/gpio.o
 .debug_abbrev  0x000000000000092d      0x199 /home/ljosalfur/Desktop/rpi/RaspberryPi-FreeRTOS-master/build//FreeRTOS/Source/portable/MemMang/heap_4.o
 .debug_abbrev  0x0000000000000ac6       0x7a /home/ljosalfur/Desktop/rpi/RaspberryPi-FreeRTOS-master/build/Demo/main.o
 .debug_abbrev  0x0000000000000b40       0x7e /home/ljosalfur/Desktop/rpi/RaspberryPi-FreeRTOS-master/build/Demo/Drivers/mailbox.o
 .debug_abbrev  0x0000000000000bbe       0x93 /home/ljosalfur/Desktop/rpi/RaspberryPi-FreeRTOS-master/build/Demo/trace.o
 .debug_abbrev  0x0000000000000c51      0x115 /home/ljosalfur/Desktop/rpi/RaspberryPi-FreeRTOS-master/build/Demo/Drivers/video.o
 .debug_abbrev  0x0000000000000d66       0xfb /home/ljosalfur/Desktop/rpi/RaspberryPi-FreeRTOS-master/build/Demo/Drivers/lan9514/uspibind.o
 .debug_abbrev  0x0000000000000e61       0xe2 /home/ljosalfur/Desktop/rpi/RaspberryPi-FreeRTOS-master/build/Demo/Drivers/lan9514/arp.o
 .debug_abbrev  0x0000000000000f43      0x1e6 /home/ljosalfur/Desktop/rpi/RaspberryPi-FreeRTOS-master/build/Demo/Drivers/lan9514/lib/uspilibrary.o
 .debug_abbrev  0x0000000000001129      0x1e7 /home/ljosalfur/Desktop/rpi/RaspberryPi-FreeRTOS-master/build/Demo/Drivers/lan9514/lib/dwhcidevice.o
 .debug_abbrev  0x0000000000001310       0xc6 /home/ljosalfur/Desktop/rpi/RaspberryPi-FreeRTOS-master/build/Demo/Drivers/lan9514/lib/dwhciregister.o
 .debug_abbrev  0x00000000000013d6      0x1a1 /home/ljosalfur/Desktop/rpi/RaspberryPi-FreeRTOS-master/build/Demo/Drivers/lan9514/lib/dwhcixferstagedata.o
 .debug_abbrev  0x0000000000001577       0xf9 /home/ljosalfur/Desktop/rpi/RaspberryPi-FreeRTOS-master/build/Demo/Drivers/lan9514/lib/usbconfigparser.o
 .debug_abbrev  0x0000000000001670      0x1af /home/ljosalfur/Desktop/rpi/RaspberryPi-FreeRTOS-master/build/Demo/Drivers/lan9514/lib/usbdevice.o
 .debug_abbrev  0x000000000000181f      0x164 /home/ljosalfur/Desktop/rpi/RaspberryPi-FreeRTOS-master/build/Demo/Drivers/lan9514/lib/usbdevicefactory.o
 .debug_abbrev  0x0000000000001983      0x14f /home/ljosalfur/Desktop/rpi/RaspberryPi-FreeRTOS-master/build/Demo/Drivers/lan9514/lib/usbendpoint.o
 .debug_abbrev  0x0000000000001ad2      0x147 /home/ljosalfur/Desktop/rpi/RaspberryPi-FreeRTOS-master/build/Demo/Drivers/lan9514/lib/usbrequest.o
 .debug_abbrev  0x0000000000001c19      0x193 /home/ljosalfur/Desktop/rpi/RaspberryPi-FreeRTOS-master/build/Demo/Drivers/lan9514/lib/usbstandardhub.o
 .debug_abbrev  0x0000000000001dac       0xe1 /home/ljosalfur/Desktop/rpi/RaspberryPi-FreeRTOS-master/build/Demo/Drivers/lan9514/lib/devicenameservice.o
 .debug_abbrev  0x0000000000001e8d       0xe1 /home/ljosalfur/Desktop/rpi/RaspberryPi-FreeRTOS-master/build/Demo/Drivers/lan9514/lib/macaddress.o
 .debug_abbrev  0x0000000000001f6e      0x1ad /home/ljosalfur/Desktop/rpi/RaspberryPi-FreeRTOS-master/build/Demo/Drivers/lan9514/lib/smsc951x.o
 .debug_abbrev  0x000000000000211b      0x16a /home/ljosalfur/Desktop/rpi/RaspberryPi-FreeRTOS-master/build/Demo/Drivers/lan9514/lib/string.o
 .debug_abbrev  0x0000000000002285       0xc1 /home/ljosalfur/Desktop/rpi/RaspberryPi-FreeRTOS-master/build/Demo/Drivers/lan9514/lib/util.o
 .debug_abbrev  0x0000000000002346      0x1d5 /home/ljosalfur/Desktop/rpi/RaspberryPi-FreeRTOS-master/build/Demo/Drivers/lan9514/lib/usbmassdevice.o
 .debug_abbrev  0x000000000000251b      0x108 /home/ljosalfur/Desktop/rpi/RaspberryPi-FreeRTOS-master/build/Demo/Drivers/lan9514/lib/dwhciframeschednper.o
 .debug_abbrev  0x0000000000002623      0x108 /home/ljosalfur/Desktop/rpi/RaspberryPi-FreeRTOS-master/build/Demo/Drivers/lan9514/lib/dwhciframeschedper.o
 .debug_abbrev  0x000000000000272b      0x13e /home/ljosalfur/Desktop/rpi/RaspberryPi-FreeRTOS-master/build/Demo/Drivers/lan9514/lib/keymap.o
 .debug_abbrev  0x0000000000002869      0x1ea /home/ljosalfur/Desktop/rpi/RaspberryPi-FreeRTOS-master/build/Demo/Drivers/lan9514/lib/usbkeyboard.o
 .debug_abbrev  0x0000000000002a53      0x145 /home/ljosalfur/Desktop/rpi/RaspberryPi-FreeRTOS-master/build/Demo/Drivers/lan9514/lib/dwhcirootport.o
 .debug_abbrev  0x0000000000002b98      0x180 /home/ljosalfur/Desktop/rpi/RaspberryPi-FreeRTOS-master/build/Demo/Drivers/lan9514/lib/usbmouse.o
 .debug_abbrev  0x0000000000002d18       0xf2 /home/ljosalfur/Desktop/rpi/RaspberryPi-FreeRTOS-master/build/Demo/Drivers/lan9514/lib/dwhciframeschednsplit.o
 .debug_abbrev  0x0000000000002e0a      0x213 /home/ljosalfur/Desktop/rpi/RaspberryPi-FreeRTOS-master/build/Demo/Drivers/lan9514/lib/usbgamepad.o
 .debug_abbrev  0x000000000000301d       0xb0 /home/ljosalfur/Desktop/rpi/RaspberryPi-FreeRTOS-master/build/Demo/Drivers/lan9514/lib/synchronize.o
 .debug_abbrev  0x00000000000030cd      0x180 /home/ljosalfur/Desktop/rpi/RaspberryPi-FreeRTOS-master/build/Demo/Drivers/lan9514/lib/usbstring.o
 .debug_abbrev  0x000000000000324d       0x14 /usr/lib/gcc/arm-none-eabi/4.9.3/libgcc.a(_udivsi3.o)
 .debug_abbrev  0x0000000000003261       0x14 /usr/lib/gcc/arm-none-eabi/4.9.3/libgcc.a(_dvmd_tls.o)

.debug_aranges  0x0000000000000000      0x560
 .debug_aranges
                0x0000000000000000       0x20 /home/ljosalfur/Desktop/rpi/RaspberryPi-FreeRTOS-master/build/FreeRTOS/Source/portable/GCC/RaspberryPi/port.o
 .debug_aranges
                0x0000000000000020       0x20 /home/ljosalfur/Desktop/rpi/RaspberryPi-FreeRTOS-master/build/FreeRTOS/Source/portable/GCC/RaspberryPi/portisr.o
 .debug_aranges
                0x0000000000000040       0x20 /home/ljosalfur/Desktop/rpi/RaspberryPi-FreeRTOS-master/build/FreeRTOS/Source/croutine.o
 .debug_aranges
                0x0000000000000060       0x20 /home/ljosalfur/Desktop/rpi/RaspberryPi-FreeRTOS-master/build/FreeRTOS/Source/list.o
 .debug_aranges
                0x0000000000000080       0x20 /home/ljosalfur/Desktop/rpi/RaspberryPi-FreeRTOS-master/build/FreeRTOS/Source/queue.o
 .debug_aranges
                0x00000000000000a0       0x20 /home/ljosalfur/Desktop/rpi/RaspberryPi-FreeRTOS-master/build/FreeRTOS/Source/tasks.o
 .debug_aranges
                0x00000000000000c0       0x20 /home/ljosalfur/Desktop/rpi/RaspberryPi-FreeRTOS-master/build/Demo/Drivers/interrupts.o
 .debug_aranges
                0x00000000000000e0       0x20 /home/ljosalfur/Desktop/rpi/RaspberryPi-FreeRTOS-master/build/Demo/Drivers/gpio.o
 .debug_aranges
                0x0000000000000100       0x20 /home/ljosalfur/Desktop/rpi/RaspberryPi-FreeRTOS-master/build//FreeRTOS/Source/portable/MemMang/heap_4.o
 .debug_aranges
                0x0000000000000120       0x20 /home/ljosalfur/Desktop/rpi/RaspberryPi-FreeRTOS-master/build/Demo/main.o
 .debug_aranges
                0x0000000000000140       0x20 /home/ljosalfur/Desktop/rpi/RaspberryPi-FreeRTOS-master/build/Demo/Drivers/mailbox.o
 .debug_aranges
                0x0000000000000160       0x20 /home/ljosalfur/Desktop/rpi/RaspberryPi-FreeRTOS-master/build/Demo/trace.o
 .debug_aranges
                0x0000000000000180       0x20 /home/ljosalfur/Desktop/rpi/RaspberryPi-FreeRTOS-master/build/Demo/Drivers/video.o
 .debug_aranges
                0x00000000000001a0       0x20 /home/ljosalfur/Desktop/rpi/RaspberryPi-FreeRTOS-master/build/Demo/Drivers/lan9514/uspibind.o
 .debug_aranges
                0x00000000000001c0       0x20 /home/ljosalfur/Desktop/rpi/RaspberryPi-FreeRTOS-master/build/Demo/Drivers/lan9514/arp.o
 .debug_aranges
                0x00000000000001e0       0x20 /home/ljosalfur/Desktop/rpi/RaspberryPi-FreeRTOS-master/build/Demo/Drivers/lan9514/lib/uspilibrary.o
 .debug_aranges
                0x0000000000000200       0x20 /home/ljosalfur/Desktop/rpi/RaspberryPi-FreeRTOS-master/build/Demo/Drivers/lan9514/lib/dwhcidevice.o
 .debug_aranges
                0x0000000000000220       0x20 /home/ljosalfur/Desktop/rpi/RaspberryPi-FreeRTOS-master/build/Demo/Drivers/lan9514/lib/dwhciregister.o
 .debug_aranges
                0x0000000000000240       0x20 /home/ljosalfur/Desktop/rpi/RaspberryPi-FreeRTOS-master/build/Demo/Drivers/lan9514/lib/dwhcixferstagedata.o
 .debug_aranges
                0x0000000000000260       0x20 /home/ljosalfur/Desktop/rpi/RaspberryPi-FreeRTOS-master/build/Demo/Drivers/lan9514/lib/usbconfigparser.o
 .debug_aranges
                0x0000000000000280       0x20 /home/ljosalfur/Desktop/rpi/RaspberryPi-FreeRTOS-master/build/Demo/Drivers/lan9514/lib/usbdevice.o
 .debug_aranges
                0x00000000000002a0       0x20 /home/ljosalfur/Desktop/rpi/RaspberryPi-FreeRTOS-master/build/Demo/Drivers/lan9514/lib/usbdevicefactory.o
 .debug_aranges
                0x00000000000002c0       0x20 /home/ljosalfur/Desktop/rpi/RaspberryPi-FreeRTOS-master/build/Demo/Drivers/lan9514/lib/usbendpoint.o
 .debug_aranges
                0x00000000000002e0       0x20 /home/ljosalfur/Desktop/rpi/RaspberryPi-FreeRTOS-master/build/Demo/Drivers/lan9514/lib/usbrequest.o
 .debug_aranges
                0x0000000000000300       0x20 /home/ljosalfur/Desktop/rpi/RaspberryPi-FreeRTOS-master/build/Demo/Drivers/lan9514/lib/usbstandardhub.o
 .debug_aranges
                0x0000000000000320       0x20 /home/ljosalfur/Desktop/rpi/RaspberryPi-FreeRTOS-master/build/Demo/Drivers/lan9514/lib/devicenameservice.o
 .debug_aranges
                0x0000000000000340       0x20 /home/ljosalfur/Desktop/rpi/RaspberryPi-FreeRTOS-master/build/Demo/Drivers/lan9514/lib/macaddress.o
 .debug_aranges
                0x0000000000000360       0x20 /home/ljosalfur/Desktop/rpi/RaspberryPi-FreeRTOS-master/build/Demo/Drivers/lan9514/lib/smsc951x.o
 .debug_aranges
                0x0000000000000380       0x20 /home/ljosalfur/Desktop/rpi/RaspberryPi-FreeRTOS-master/build/Demo/Drivers/lan9514/lib/string.o
 .debug_aranges
                0x00000000000003a0       0x20 /home/ljosalfur/Desktop/rpi/RaspberryPi-FreeRTOS-master/build/Demo/Drivers/lan9514/lib/util.o
 .debug_aranges
                0x00000000000003c0       0x20 /home/ljosalfur/Desktop/rpi/RaspberryPi-FreeRTOS-master/build/Demo/Drivers/lan9514/lib/usbmassdevice.o
 .debug_aranges
                0x00000000000003e0       0x20 /home/ljosalfur/Desktop/rpi/RaspberryPi-FreeRTOS-master/build/Demo/Drivers/lan9514/lib/dwhciframeschednper.o
 .debug_aranges
                0x0000000000000400       0x20 /home/ljosalfur/Desktop/rpi/RaspberryPi-FreeRTOS-master/build/Demo/Drivers/lan9514/lib/dwhciframeschedper.o
 .debug_aranges
                0x0000000000000420       0x20 /home/ljosalfur/Desktop/rpi/RaspberryPi-FreeRTOS-master/build/Demo/Drivers/lan9514/lib/keymap.o
 .debug_aranges
                0x0000000000000440       0x20 /home/ljosalfur/Desktop/rpi/RaspberryPi-FreeRTOS-master/build/Demo/Drivers/lan9514/lib/usbkeyboard.o
 .debug_aranges
                0x0000000000000460       0x20 /home/ljosalfur/Desktop/rpi/RaspberryPi-FreeRTOS-master/build/Demo/Drivers/lan9514/lib/dwhcirootport.o
 .debug_aranges
                0x0000000000000480       0x20 /home/ljosalfur/Desktop/rpi/RaspberryPi-FreeRTOS-master/build/Demo/Drivers/lan9514/lib/usbmouse.o
 .debug_aranges
                0x00000000000004a0       0x20 /home/ljosalfur/Desktop/rpi/RaspberryPi-FreeRTOS-master/build/Demo/Drivers/lan9514/lib/dwhciframeschednsplit.o
 .debug_aranges
                0x00000000000004c0       0x20 /home/ljosalfur/Desktop/rpi/RaspberryPi-FreeRTOS-master/build/Demo/Drivers/lan9514/lib/usbgamepad.o
 .debug_aranges
[...]
                                        0x3f7 (size before relaxing)
 .debug_str     0x00000000000059e8      0x257 /home/ljosalfur/Desktop/rpi/RaspberryPi-FreeRTOS-master/build/Demo/Drivers/lan9514/lib/usbgamepad.o
                                        0xdb0 (size before relaxing)
 .debug_str     0x0000000000005c3f       0xd2 /home/ljosalfur/Desktop/rpi/RaspberryPi-FreeRTOS-master/build/Demo/Drivers/lan9514/lib/synchronize.o
                                        0x25e (size before relaxing)
 .debug_str     0x0000000000005d11       0xe0 /home/ljosalfur/Desktop/rpi/RaspberryPi-FreeRTOS-master/build/Demo/Drivers/lan9514/lib/usbstring.o
                                        0xa6c (size before relaxing)

.comment        0x0000000000000000       0x38
 .comment       0x0000000000000000       0x38 /home/ljosalfur/Desktop/rpi/RaspberryPi-FreeRTOS-master/build/FreeRTOS/Source/portable/GCC/RaspberryPi/port.o
                                         0x39 (size before relaxing)
 .comment       0x0000000000000038       0x39 /home/ljosalfur/Desktop/rpi/RaspberryPi-FreeRTOS-master/build/FreeRTOS/Source/portable/GCC/RaspberryPi/portisr.o
 .comment       0x0000000000000038       0x39 /home/ljosalfur/Desktop/rpi/RaspberryPi-FreeRTOS-master/build/FreeRTOS/Source/croutine.o
 .comment       0x0000000000000038       0x39 /home/ljosalfur/Desktop/rpi/RaspberryPi-FreeRTOS-master/build/FreeRTOS/Source/list.o
 .comment       0x0000000000000038       0x39 /home/ljosalfur/Desktop/rpi/RaspberryPi-FreeRTOS-master/build/FreeRTOS/Source/queue.o
 .comment       0x0000000000000038       0x39 /home/ljosalfur/Desktop/rpi/RaspberryPi-FreeRTOS-master/build/FreeRTOS/Source/tasks.o
 .comment       0x0000000000000038       0x39 /home/ljosalfur/Desktop/rpi/RaspberryPi-FreeRTOS-master/build/Demo/Drivers/interrupts.o
 .comment       0x0000000000000038       0x39 /home/ljosalfur/Desktop/rpi/RaspberryPi-FreeRTOS-master/build/Demo/Drivers/gpio.o
 .comment       0x0000000000000038       0x39 /home/ljosalfur/Desktop/rpi/RaspberryPi-FreeRTOS-master/build//FreeRTOS/Source/portable/MemMang/heap_4.o
 .comment       0x0000000000000038       0x39 /home/ljosalfur/Desktop/rpi/RaspberryPi-FreeRTOS-master/build/Demo/main.o
 .comment       0x0000000000000038       0x39 /home/ljosalfur/Desktop/rpi/RaspberryPi-FreeRTOS-master/build/Demo/Drivers/mailbox.o
 .comment       0x0000000000000038       0x39 /home/ljosalfur/Desktop/rpi/RaspberryPi-FreeRTOS-master/build/Demo/trace.o
 .comment       0x0000000000000038       0x39 /home/ljosalfur/Desktop/rpi/RaspberryPi-FreeRTOS-master/build/Demo/Drivers/video.o
 .comment       0x0000000000000038       0x39 /home/ljosalfur/Desktop/rpi/RaspberryPi-FreeRTOS-master/build/Demo/Drivers/lan9514/uspibind.o
 .comment       0x0000000000000038       0x39 /home/ljosalfur/Desktop/rpi/RaspberryPi-FreeRTOS-master/build/Demo/Drivers/lan9514/arp.o
 .comment       0x0000000000000038       0x39 /home/ljosalfur/Desktop/rpi/RaspberryPi-FreeRTOS-master/build/Demo/Drivers/lan9514/lib/uspilibrary.o
 .comment       0x0000000000000038       0x39 /home/ljosalfur/Desktop/rpi/RaspberryPi-FreeRTOS-master/build/Demo/Drivers/lan9514/lib/dwhcidevice.o
 .comment       0x0000000000000038       0x39 /home/ljosalfur/Desktop/rpi/RaspberryPi-FreeRTOS-master/build/Demo/Drivers/lan9514/lib/dwhciregister.o
 .comment       0x0000000000000038       0x39 /home/ljosalfur/Desktop/rpi/RaspberryPi-FreeRTOS-master/build/Demo/Drivers/lan9514/lib/dwhcixferstagedata.o
 .comment       0x0000000000000038       0x39 /home/ljosalfur/Desktop/rpi/RaspberryPi-FreeRTOS-master/build/Demo/Drivers/lan9514/lib/usbconfigparser.o
 .comment       0x0000000000000038       0x39 /home/ljosalfur/Desktop/rpi/RaspberryPi-FreeRTOS-master/build/Demo/Drivers/lan9514/lib/usbdevice.o
 .comment       0x0000000000000038       0x39 /home/ljosalfur/Desktop/rpi/RaspberryPi-FreeRTOS-master/build/Demo/Drivers/lan9514/lib/usbdevicefactory.o
 .comment       0x0000000000000038       0x39 /home/ljosalfur/Desktop/rpi/RaspberryPi-FreeRTOS-master/build/Demo/Drivers/lan9514/lib/usbendpoint.o
 .comment       0x0000000000000038       0x39 /home/ljosalfur/Desktop/rpi/RaspberryPi-FreeRTOS-master/build/Demo/Drivers/lan9514/lib/usbrequest.o
 .comment       0x0000000000000038       0x39 /home/ljosalfur/Desktop/rpi/RaspberryPi-FreeRTOS-master/build/Demo/Drivers/lan9514/lib/usbstandardhub.o
 .comment       0x0000000000000038       0x39 /home/ljosalfur/Desktop/rpi/RaspberryPi-FreeRTOS-master/build/Demo/Drivers/lan9514/lib/devicenameservice.o
 .comment       0x0000000000000038       0x39 /home/ljosalfur/Desktop/rpi/RaspberryPi-FreeRTOS-master/build/Demo/Drivers/lan9514/lib/macaddress.o
 .comment       0x0000000000000038       0x39 /home/ljosalfur/Desktop/rpi/RaspberryPi-FreeRTOS-master/build/Demo/Drivers/lan9514/lib/smsc951x.o
 .comment       0x0000000000000038       0x39 /home/ljosalfur/Desktop/rpi/RaspberryPi-FreeRTOS-master/build/Demo/Drivers/lan9514/lib/string.o
 .comment       0x0000000000000038       0x39 /home/ljosalfur/Desktop/rpi/RaspberryPi-FreeRTOS-master/build/Demo/Drivers/lan9514/lib/util.o
 .comment       0x0000000000000038       0x39 /home/ljosalfur/Desktop/rpi/RaspberryPi-FreeRTOS-master/build/Demo/Drivers/lan9514/lib/usbmassdevice.o
 .comment       0x0000000000000038       0x39 /home/ljosalfur/Desktop/rpi/RaspberryPi-FreeRTOS-master/build/Demo/Drivers/lan9514/lib/dwhciframeschednper.o
 .comment       0x0000000000000038       0x39 /home/ljosalfur/Desktop/rpi/RaspberryPi-FreeRTOS-master/build/Demo/Drivers/lan9514/lib/dwhciframeschedper.o
 .comment       0x0000000000000038       0x39 /home/ljosalfur/Desktop/rpi/RaspberryPi-FreeRTOS-master/build/Demo/Drivers/lan9514/lib/keymap.o
 .comment       0x0000000000000038       0x39 /home/ljosalfur/Desktop/rpi/RaspberryPi-FreeRTOS-master/build/Demo/Drivers/lan9514/lib/usbkeyboard.o
 .comment       0x0000000000000038       0x39 /home/ljosalfur/Desktop/rpi/RaspberryPi-FreeRTOS-master/build/Demo/Drivers/lan9514/lib/dwhcirootport.o
 .comment       0x0000000000000038       0x39 /home/ljosalfur/Desktop/rpi/RaspberryPi-FreeRTOS-master/build/Demo/Drivers/lan9514/lib/usbmouse.o
 .comment       0x0000000000000038       0x39 /home/ljosalfur/Desktop/rpi/RaspberryPi-FreeRTOS-master/build/Demo/Drivers/lan9514/lib/dwhciframeschednsplit.o
 .comment       0x0000000000000038       0x39 /home/ljosalfur/Desktop/rpi/RaspberryPi-FreeRTOS-master/build/Demo/Drivers/lan9514/lib/usbgamepad.o
 .comment       0x0000000000000038       0x39 /home/ljosalfur/Desktop/rpi/RaspberryPi-FreeRTOS-master/build/Demo/Drivers/lan9514/lib/synchronize.o
 .comment       0x0000000000000038       0x39 /home/ljosalfur/Desktop/rpi/RaspberryPi-FreeRTOS-master/build/Demo/Drivers/lan9514/lib/usbstring.o

.ARM.attributes
                0x0000000000000000       0x33
 .ARM.attributes
                0x0000000000000000       0x33 /home/ljosalfur/Desktop/rpi/RaspberryPi-FreeRTOS-master/build/FreeRTOS/Source/portable/GCC/RaspberryPi/port.o
 .ARM.attributes
                0x0000000000000033       0x33 /home/ljosalfur/Desktop/rpi/RaspberryPi-FreeRTOS-master/build/FreeRTOS/Source/portable/GCC/RaspberryPi/portisr.o
 .ARM.attributes
                0x0000000000000066       0x33 /home/ljosalfur/Desktop/rpi/RaspberryPi-FreeRTOS-master/build/FreeRTOS/Source/croutine.o
 .ARM.attributes
                0x0000000000000099       0x33 /home/ljosalfur/Desktop/rpi/RaspberryPi-FreeRTOS-master/build/FreeRTOS/Source/list.o
 .ARM.attributes
                0x00000000000000cc       0x33 /home/ljosalfur/Desktop/rpi/RaspberryPi-FreeRTOS-master/build/FreeRTOS/Source/queue.o
 .ARM.attributes
                0x00000000000000ff       0x33 /home/ljosalfur/Desktop/rpi/RaspberryPi-FreeRTOS-master/build/FreeRTOS/Source/tasks.o
 .ARM.attributes
                0x0000000000000132       0x33 /home/ljosalfur/Desktop/rpi/RaspberryPi-FreeRTOS-master/build/Demo/Drivers/interrupts.o
 .ARM.attributes
                0x0000000000000165       0x33 /home/ljosalfur/Desktop/rpi/RaspberryPi-FreeRTOS-master/build/Demo/Drivers/gpio.o
 .ARM.attributes
                0x0000000000000198       0x33 /home/ljosalfur/Desktop/rpi/RaspberryPi-FreeRTOS-master/build//FreeRTOS/Source/portable/MemMang/heap_4.o
 .ARM.attributes
                0x00000000000001cb       0x18 /home/ljosalfur/Desktop/rpi/RaspberryPi-FreeRTOS-master/build/Demo/startup.o
 .ARM.attributes
                0x00000000000001e3       0x33 /home/ljosalfur/Desktop/rpi/RaspberryPi-FreeRTOS-master/build/Demo/main.o
 .ARM.attributes
                0x0000000000000216       0x33 /home/ljosalfur/Desktop/rpi/RaspberryPi-FreeRTOS-master/build/Demo/Drivers/mailbox.o
 .ARM.attributes
                0x0000000000000249       0x33 /home/ljosalfur/Desktop/rpi/RaspberryPi-FreeRTOS-master/build/Demo/trace.o
 .ARM.attributes
                0x000000000000027c       0x33 /home/ljosalfur/Desktop/rpi/RaspberryPi-FreeRTOS-master/build/Demo/Drivers/video.o
 .ARM.attributes
                0x00000000000002af       0x33 /home/ljosalfur/Desktop/rpi/RaspberryPi-FreeRTOS-master/build/Demo/Drivers/lan9514/uspibind.o
 .ARM.attributes
                0x00000000000002e2       0x33 /home/ljosalfur/Desktop/rpi/RaspberryPi-FreeRTOS-master/build/Demo/Drivers/lan9514/arp.o
 .ARM.attributes
                0x0000000000000315       0x33 /home/ljosalfur/Desktop/rpi/RaspberryPi-FreeRTOS-master/build/Demo/Drivers/lan9514/lib/uspilibrary.o
 .ARM.attributes
                0x0000000000000348       0x33 /home/ljosalfur/Desktop/rpi/RaspberryPi-FreeRTOS-master/build/Demo/Drivers/lan9514/lib/dwhcidevice.o
 .ARM.attributes
                0x000000000000037b       0x33 /home/ljosalfur/Desktop/rpi/RaspberryPi-FreeRTOS-master/build/Demo/Drivers/lan9514/lib/dwhciregister.o
 .ARM.attributes
                0x00000000000003ae       0x33 /home/ljosalfur/Desktop/rpi/RaspberryPi-FreeRTOS-master/build/Demo/Drivers/lan9514/lib/dwhcixferstagedata.o
 .ARM.attributes
                0x00000000000003e1       0x33 /home/ljosalfur/Desktop/rpi/RaspberryPi-FreeRTOS-master/build/Demo/Drivers/lan9514/lib/usbconfigparser.o
 .ARM.attributes
                0x0000000000000414       0x33 /home/ljosalfur/Desktop/rpi/RaspberryPi-FreeRTOS-master/build/Demo/Drivers/lan9514/lib/usbdevice.o
 .ARM.attributes
                0x0000000000000447       0x33 /home/ljosalfur/Desktop/rpi/RaspberryPi-FreeRTOS-master/build/Demo/Drivers/lan9514/lib/usbdevicefactory.o
 .ARM.attributes
                0x000000000000047a       0x33 /home/ljosalfur/Desktop/rpi/RaspberryPi-FreeRTOS-master/build/Demo/Drivers/lan9514/lib/usbendpoint.o
 .ARM.attributes
                0x00000000000004ad       0x33 /home/ljosalfur/Desktop/rpi/RaspberryPi-FreeRTOS-master/build/Demo/Drivers/lan9514/lib/usbrequest.o
 .ARM.attributes
                0x00000000000004e0       0x33 /home/ljosalfur/Desktop/rpi/RaspberryPi-FreeRTOS-master/build/Demo/Drivers/lan9514/lib/usbstandardhub.o
 .ARM.attributes
                0x0000000000000513       0x33 /home/ljosalfur/Desktop/rpi/RaspberryPi-FreeRTOS-master/build/Demo/Drivers/lan9514/lib/devicenameservice.o
 .ARM.attributes
                0x0000000000000546       0x33 /home/ljosalfur/Desktop/rpi/RaspberryPi-FreeRTOS-master/build/Demo/Drivers/lan9514/lib/macaddress.o
 .ARM.attributes
                0x0000000000000579       0x33 /home/ljosalfur/Desktop/rpi/RaspberryPi-FreeRTOS-master/build/Demo/Drivers/lan9514/lib/smsc951x.o
 .ARM.attributes
                0x00000000000005ac       0x33 /home/ljosalfur/Desktop/rpi/RaspberryPi-FreeRTOS-master/build/Demo/Drivers/lan9514/lib/string.o
 .ARM.attributes
                0x00000000000005df       0x33 /home/ljosalfur/Desktop/rpi/RaspberryPi-FreeRTOS-master/build/Demo/Drivers/lan9514/lib/util.o
 .ARM.attributes
                0x0000000000000612       0x33 /home/ljosalfur/Desktop/rpi/RaspberryPi-FreeRTOS-master/build/Demo/Drivers/lan9514/lib/usbmassdevice.o
 .ARM.attributes
                0x0000000000000645       0x33 /home/ljosalfur/Desktop/rpi/RaspberryPi-FreeRTOS-master/build/Demo/Drivers/lan9514/lib/dwhciframeschednper.o
 .ARM.attributes
                0x0000000000000678       0x33 /home/ljosalfur/Desktop/rpi/RaspberryPi-FreeRTOS-master/build/Demo/Drivers/lan9514/lib/dwhciframeschedper.o
 .ARM.attributes
                0x00000000000006ab       0x33 /home/ljosalfur/Desktop/rpi/RaspberryPi-FreeRTOS-master/build/Demo/Drivers/lan9514/lib/keymap.o
 .ARM.attributes
                0x00000000000006de       0x33 /home/ljosalfur/Desktop/rpi/RaspberryPi-FreeRTOS-master/build/Demo/Drivers/lan9514/lib/usbkeyboard.o
 .ARM.attributes
                0x0000000000000711       0x33 /home/ljosalfur/Desktop/rpi/RaspberryPi-FreeRTOS-master/build/Demo/Drivers/lan9514/lib/dwhcirootport.o
 .ARM.attributes
                0x0000000000000744       0x33 /home/ljosalfur/Desktop/rpi/RaspberryPi-FreeRTOS-master/build/Demo/Drivers/lan9514/lib/usbmouse.o
 .ARM.attributes
                0x0000000000000777       0x33 /home/ljosalfur/Desktop/rpi/RaspberryPi-FreeRTOS-master/build/Demo/Drivers/lan9514/lib/dwhciframeschednsplit.o
 .ARM.attributes
                0x00000000000007aa       0x33 /home/ljosalfur/Desktop/rpi/RaspberryPi-FreeRTOS-master/build/Demo/Drivers/lan9514/lib/usbgamepad.o
 .ARM.attributes
                0x00000000000007dd       0x33 /home/ljosalfur/Desktop/rpi/RaspberryPi-FreeRTOS-master/build/Demo/Drivers/lan9514/lib/synchronize.o
 .ARM.attributes
                0x0000000000000810       0x33 /home/ljosalfur/Desktop/rpi/RaspberryPi-FreeRTOS-master/build/Demo/Drivers/lan9514/lib/usbstring.o
 .ARM.attributes
                0x0000000000000843       0x18 /usr/lib/gcc/arm-none-eabi/4.9.3/libgcc.a(_udivsi3.o)
 .ARM.attributes
                0x000000000000085b       0x18 /usr/lib/gcc/arm-none-eabi/4.9.3/libgcc.a(_dvmd_tls.o)

.debug_frame    0x0000000000000000     0x3dc4
 .debug_frame   0x0000000000000000       0xc0 /home/ljosalfur/Desktop/rpi/RaspberryPi-FreeRTOS-master/build/FreeRTOS/Source/portable/GCC/RaspberryPi/port.o
 .debug_frame   0x00000000000000c0       0x90 /home/ljosalfur/Desktop/rpi/RaspberryPi-FreeRTOS-master/build/FreeRTOS/Source/portable/GCC/RaspberryPi/portisr.o
 .debug_frame   0x0000000000000150      0x10c /home/ljosalfur/Desktop/rpi/RaspberryPi-FreeRTOS-master/build/FreeRTOS/Source/croutine.o
 .debug_frame   0x000000000000025c       0xc4 /home/ljosalfur/Desktop/rpi/RaspberryPi-FreeRTOS-master/build/FreeRTOS/Source/list.o
 .debug_frame   0x0000000000000320      0x254 /home/ljosalfur/Desktop/rpi/RaspberryPi-FreeRTOS-master/build/FreeRTOS/Source/queue.o
 .debug_frame   0x0000000000000574      0x4c4 /home/ljosalfur/Desktop/rpi/RaspberryPi-FreeRTOS-master/build/FreeRTOS/Source/tasks.o
 .debug_frame   0x0000000000000a38      0x16c /home/ljosalfur/Desktop/rpi/RaspberryPi-FreeRTOS-master/build/Demo/Drivers/interrupts.o
 .debug_frame   0x0000000000000ba4      0x10c /home/ljosalfur/Desktop/rpi/RaspberryPi-FreeRTOS-master/build/Demo/Drivers/gpio.o
 .debug_frame   0x0000000000000cb0       0xe0 /home/ljosalfur/Desktop/rpi/RaspberryPi-FreeRTOS-master/build//FreeRTOS/Source/portable/MemMang/heap_4.o
 .debug_frame   0x0000000000000d90       0x64 /home/ljosalfur/Desktop/rpi/RaspberryPi-FreeRTOS-master/build/Demo/main.o
 .debug_frame   0x0000000000000df4       0x58 /home/ljosalfur/Desktop/rpi/RaspberryPi-FreeRTOS-master/build/Demo/Drivers/mailbox.o
 .debug_frame   0x0000000000000e4c       0x60 /home/ljosalfur/Desktop/rpi/RaspberryPi-FreeRTOS-master/build/Demo/trace.o
 .debug_frame   0x0000000000000eac      0x118 /home/ljosalfur/Desktop/rpi/RaspberryPi-FreeRTOS-master/build/Demo/Drivers/video.o
 .debug_frame   0x0000000000000fc4      0x260 /home/ljosalfur/Desktop/rpi/RaspberryPi-FreeRTOS-master/build/Demo/Drivers/lan9514/uspibind.o
 .debug_frame   0x0000000000001224       0x38 /home/ljosalfur/Desktop/rpi/RaspberryPi-FreeRTOS-master/build/Demo/Drivers/lan9514/arp.o
 .debug_frame   0x000000000000125c      0x2b8 /home/ljosalfur/Desktop/rpi/RaspberryPi-FreeRTOS-master/build/Demo/Drivers/lan9514/lib/uspilibrary.o
 .debug_frame   0x0000000000001514      0x560 /home/ljosalfur/Desktop/rpi/RaspberryPi-FreeRTOS-master/build/Demo/Drivers/lan9514/lib/dwhcidevice.o
 .debug_frame   0x0000000000001a74      0x22c /home/ljosalfur/Desktop/rpi/RaspberryPi-FreeRTOS-master/build/Demo/Drivers/lan9514/lib/dwhciregister.o
 .debug_frame   0x0000000000001ca0      0x4bc /home/ljosalfur/Desktop/rpi/RaspberryPi-FreeRTOS-master/build/Demo/Drivers/lan9514/lib/dwhcixferstagedata.o
 .debug_frame   0x000000000000215c       0xc8 /home/ljosalfur/Desktop/rpi/RaspberryPi-FreeRTOS-master/build/Demo/Drivers/lan9514/lib/usbconfigparser.o
 .debug_frame   0x0000000000002224      0x27c /home/ljosalfur/Desktop/rpi/RaspberryPi-FreeRTOS-master/build/Demo/Drivers/lan9514/lib/usbdevice.o
 .debug_frame   0x00000000000024a0       0x5c /home/ljosalfur/Desktop/rpi/RaspberryPi-FreeRTOS-master/build/Demo/Drivers/lan9514/lib/usbdevicefactory.o
 .debug_frame   0x00000000000024fc      0x20c /home/ljosalfur/Desktop/rpi/RaspberryPi-FreeRTOS-master/build/Demo/Drivers/lan9514/lib/usbendpoint.o
 .debug_frame   0x0000000000002708      0x1c0 /home/ljosalfur/Desktop/rpi/RaspberryPi-FreeRTOS-master/build/Demo/Drivers/lan9514/lib/usbrequest.o
 .debug_frame   0x00000000000028c8       0xf0 /home/ljosalfur/Desktop/rpi/RaspberryPi-FreeRTOS-master/build/Demo/Drivers/lan9514/lib/usbstandardhub.o
 .debug_frame   0x00000000000029b8       0xc0 /home/ljosalfur/Desktop/rpi/RaspberryPi-FreeRTOS-master/build/Demo/Drivers/lan9514/lib/devicenameservice.o
 .debug_frame   0x0000000000002a78      0x19c /home/ljosalfur/Desktop/rpi/RaspberryPi-FreeRTOS-master/build/Demo/Drivers/lan9514/lib/macaddress.o
 .debug_frame   0x0000000000002c14      0x180 /home/ljosalfur/Desktop/rpi/RaspberryPi-FreeRTOS-master/build/Demo/Drivers/lan9514/lib/smsc951x.o
 .debug_frame   0x0000000000002d94      0x240 /home/ljosalfur/Desktop/rpi/RaspberryPi-FreeRTOS-master/build/Demo/Drivers/lan9514/lib/string.o
 .debug_frame   0x0000000000002fd4      0x19c /home/ljosalfur/Desktop/rpi/RaspberryPi-FreeRTOS-master/build/Demo/Drivers/lan9514/lib/util.o
 .debug_frame   0x0000000000003170      0x1b4 /home/ljosalfur/Desktop/rpi/RaspberryPi-FreeRTOS-master/build/Demo/Drivers/lan9514/lib/usbmassdevice.o
 .debug_frame   0x0000000000003324      0x10c /home/ljosalfur/Desktop/rpi/RaspberryPi-FreeRTOS-master/build/Demo/Drivers/lan9514/lib/dwhciframeschednper.o
 .debug_frame   0x0000000000003430      0x10c /home/ljosalfur/Desktop/rpi/RaspberryPi-FreeRTOS-master/build/Demo/Drivers/lan9514/lib/dwhciframeschedper.o
 .debug_frame   0x000000000000353c      0x110 /home/ljosalfur/Desktop/rpi/RaspberryPi-FreeRTOS-master/build/Demo/Drivers/lan9514/lib/keymap.o
 .debug_frame   0x000000000000364c      0x1c4 /home/ljosalfur/Desktop/rpi/RaspberryPi-FreeRTOS-master/build/Demo/Drivers/lan9514/lib/usbkeyboard.o
 .debug_frame   0x0000000000003810       0x80 /home/ljosalfur/Desktop/rpi/RaspberryPi-FreeRTOS-master/build/Demo/Drivers/lan9514/lib/dwhcirootport.o
 .debug_frame   0x0000000000003890       0xf0 /home/ljosalfur/Desktop/rpi/RaspberryPi-FreeRTOS-master/build/Demo/Drivers/lan9514/lib/usbmouse.o
 .debug_frame   0x0000000000003980      0x10c /home/ljosalfur/Desktop/rpi/RaspberryPi-FreeRTOS-master/build/Demo/Drivers/lan9514/lib/dwhciframeschednsplit.o
 .debug_frame   0x0000000000003a8c      0x1a8 /home/ljosalfur/Desktop/rpi/RaspberryPi-FreeRTOS-master/build/Demo/Drivers/lan9514/lib/usbgamepad.o
 .debug_frame   0x0000000000003c34       0x78 /home/ljosalfur/Desktop/rpi/RaspberryPi-FreeRTOS-master/build/Demo/Drivers/lan9514/lib/synchronize.o
 .debug_frame   0x0000000000003cac       0xf8 /home/ljosalfur/Desktop/rpi/RaspberryPi-FreeRTOS-master/build/Demo/Drivers/lan9514/lib/usbstring.o
 .debug_frame   0x0000000000003da4       0x20 /usr/lib/gcc/arm-none-eabi/4.9.3/libgcc.a(_udivsi3.o)

.debug_ranges   0x0000000000000000       0x18
 .debug_ranges  0x0000000000000000       0x18 /home/ljosalfur/Desktop/rpi/RaspberryPi-FreeRTOS-master/build/Demo/Drivers/lan9514/arp.o
